2026-07-11 20:13:04  ######################################################################
2026-07-11 20:13:04  BARRIDO stages=['E0']  device=cpu  dtype=float64  workers=4  resume=True
2026-07-11 20:13:04  Corridas pendientes en esta sesion: 0
2026-07-11 20:13:04  === Etapa E0: 4 corridas, 4 ya hechas, 0 por correr -> C:\Users\PC2\Desktop\Tesis\Memoria-De-Titulo-main\Memoria-De-Titulo-main\Red\analisis\resultados\barrido\E0 (workers=4) ===
2026-07-11 20:13:04  === Etapa E0 ya completa. Nada que hacer. ===
2026-07-11 20:13:04  === FIN. 0 corridas en 0m00s. 0 con error. ===
2026-07-11 20:18:40  ######################################################################
2026-07-11 20:18:40  BARRIDO stages=['E0']  device=cpu  dtype=float64  workers=1  resume=False
2026-07-11 20:18:40  Corridas pendientes en esta sesion: 1
2026-07-11 20:18:40  === Etapa E0: 1 corridas, 0 ya hechas, 1 por correr -> C:\Users\PC2\Desktop\Tesis\Memoria-De-Titulo-main\Memoria-De-Titulo-main\Red\analisis\resultados\barrido\E0 (workers=1) ===
2026-07-11 20:19:17  [E0 1/1 | global 1/1] ok     E0__actuadores__nx3__paper__unrolling__dr30__a0p01__sz50__s42  t_train=1s  (ETA 0m00s)
2026-07-11 20:19:17  === FIN. 1 corridas en 0m36s. 0 con error. ===
2026-07-11 20:29:26  ######################################################################
2026-07-11 20:29:26  BARRIDO stages=['E0']  device=cpu  dtype=float64  workers=4  resume=False
2026-07-11 20:29:26  Corridas pendientes en esta sesion: 4
2026-07-11 20:29:26  === Etapa E0: 4 corridas, 0 ya hechas, 4 por correr -> C:\Users\PC2\Desktop\Tesis\Memoria-De-Titulo-main\Memoria-De-Titulo-main\Red\analisis\resultados\barrido\E0 (workers=4) ===
2026-07-11 20:30:20  [E0 1/4 | global 1/4] ok     E0__actuadores__nx3__paper__unrolling__dr30__a0p01__sz50__s123  t_train=1s  (ETA 2m42s)
2026-07-11 20:30:20  [E0 2/4 | global 2/4] ok     E0__actuadores__nx3__paper__unrolling__dr30__a0p01__sz50__s42  t_train=1s  (ETA 0m54s)
2026-07-11 20:31:36  [E0 3/4 | global 3/4] ok     E0__actuadores__nx3__paper__implicit__impl__a0p01__sz50__s123  t_train=85s  (ETA 0m43s)
2026-07-11 20:31:36  [E0 4/4 | global 4/4] ok     E0__actuadores__nx3__paper__implicit__impl__a0p01__sz50__s42  t_train=86s  (ETA 0m00s)
2026-07-11 20:31:36  === FIN. 4 corridas en 2m10s. 0 con error. ===
2026-07-11 20:39:12  ######################################################################
2026-07-11 20:39:12  BARRIDO stages=['E1', 'E2', 'E3', 'E4']  device=cpu  dtype=float64  workers=12  resume=True
2026-07-11 20:39:12  Corridas pendientes en esta sesion: 371
2026-07-11 20:39:12  === Etapa E1: 240 corridas, 1 ya hechas, 239 por correr -> C:\Users\PC2\Desktop\Tesis\Memoria-De-Titulo-main\Memoria-De-Titulo-main\Red\analisis\resultados\barrido\E1 (workers=12) ===
2026-07-11 21:06:54  [E1 1/239 | global 1/371] ok     E1__actuadores__nx3__paper__unrolling__dr5__a0p01__sz150__s42  t_train=269s  (ETA 170h48m)
2026-07-11 21:06:59  [E1 2/239 | global 2/371] ok     E1__actuadores__nx3__paper__unrolling__dr5__a0p001__sz150__s123  t_train=268s  (ETA 85h27m)
2026-07-12 00:53:02  [E1 3/239 | global 3/371] ok     E1__actuadores__nx3__paper__unrolling__dr30__a0p001__sz150__s123  t_train=836s  (ETA 518h57m)
2026-07-12 00:53:16  [E1 4/239 | global 4/371] ok     E1__actuadores__nx3__paper__unrolling__dr30__a0p01__sz150__s42  t_train=840s  (ETA 388h31m)
2026-07-12 00:53:35  [E1 5/239 | global 5/371] ok     E1__actuadores__nx3__paper__unrolling__dr30__a0p001__sz150__s42  t_train=846s  (ETA 310h20m)
2026-07-12 00:54:01  ######################################################################
2026-07-12 00:54:01  BARRIDO stages=['E1', 'E2', 'E3', 'E4']  device=cpu  dtype=float64  workers=12  resume=True
2026-07-12 00:54:01  Corridas pendientes en esta sesion: 366
2026-07-12 00:54:01  === Etapa E1: 240 corridas, 6 ya hechas, 234 por correr -> C:\Users\PC2\Desktop\Tesis\Memoria-De-Titulo-main\Memoria-De-Titulo-main\Red\analisis\resultados\barrido\E1 (workers=12) ===
2026-07-12 01:01:44  ######################################################################
2026-07-12 01:01:44  BARRIDO stages=['E1', 'E2', 'E3', 'E4']  device=cpu  dtype=float64  workers=12  resume=True
2026-07-12 01:01:44  Corridas pendientes en esta sesion: 366
2026-07-12 01:01:44  === Etapa E1: 240 corridas, 6 ya hechas, 234 por correr -> C:\Users\PC2\Desktop\Tesis\Memoria-De-Titulo-main\Memoria-De-Titulo-main\Red\analisis\resultados\barrido\E1 (workers=12) ===
2026-07-12 01:33:44  [E1 1/234 | global 1/366] ok     E1__actuadores__nx3__paper__unrolling__dr5__a0p01__sz150__s123  t_train=311s  (ETA 194h40m)
2026-07-12 01:44:53  [E1 2/234 | global 2/366] ok     E1__actuadores__nx3__paper__unrolling__dr30__a0p01__sz150__s123  t_train=982s  (ETA 130h54m)
2026-07-12 02:26:02  [E1 3/234 | global 3/366] ok     E1__actuadores__nx3__paper__unrolling__dr120__a0p01__sz150__s42  t_train=3450s  (ETA 170h00m)
2026-07-12 02:26:13  [E1 4/234 | global 4/366] ok     E1__actuadores__nx3__paper__unrolling__dr120__a0p001__sz150__s42  t_train=3459s  (ETA 127h26m)
2026-07-12 02:26:13  [E1 5/234 | global 5/366] ok     E1__actuadores__nx3__paper__unrolling__dr120__a0p001__sz150__s123  t_train=3460s  (ETA 101h40m)
2026-07-12 02:26:18  [E1 6/234 | global 6/366] ok     E1__actuadores__nx3__paper__unrolling__dr120__a0p01__sz150__s123  t_train=3465s  (ETA 84h34m)
2026-07-12 02:55:48  [E1 7/234 | global 7/366] ok     E1__actuadores__nx3__paper__unrolling__dr5__a0p05__sz150__s42  t_train=288s  (ETA 97h30m)
2026-07-12 03:06:27  [E1 8/234 | global 8/366] ok     E1__actuadores__nx3__paper__unrolling__dr30__a0p05__sz150__s42  t_train=920s  (ETA 93h00m)
2026-07-12 03:35:24  [E1 9/234 | global 9/366] ok     E1__actuadores__nx3__paper__unrolling__dr5__a0p05__sz150__s123  t_train=277s  (ETA 101h35m)
2026-07-12 03:43:51  [E1 10/234 | global 10/366] ok     E1__actuadores__nx3__paper__unrolling__dr120__a0p05__sz150__s42  t_train=3175s  (ETA 96h11m)
2026-07-12 04:14:51  [E1 11/234 | global 11/366] ok     E1__actuadores__nx3__paper__unrolling__dr30__a0p05__sz150__s123  t_train=899s  (ETA 103h52m)
2026-07-12 04:58:35  [E1 12/234 | global 12/366] ok     E1__actuadores__nx3__paper__unrolling__dr120__a0p05__sz150__s123  t_train=3050s  (ETA 116h27m)
2026-07-12 05:06:28  [E1 13/234 | global 13/366] ok     E1__actuadores__nx3__paper__unrolling__dr500__a0p001__sz150__s42  t_train=13163s  (ETA 110h45m)
2026-07-12 05:06:42  [E1 14/234 | global 14/366] ok     E1__actuadores__nx3__paper__unrolling__dr500__a0p01__sz150__s42  t_train=13173s  (ETA 102h39m)
2026-07-12 05:07:49  [E1 15/234 | global 15/366] ok     E1__actuadores__nx3__paper__unrolling__dr500__a0p001__sz150__s123  t_train=13242s  (ETA 95h58m)
2026-07-12 05:33:52  [E1 16/234 | global 16/366] ok     E1__actuadores__nx3__paper__unrolling__dr5__a0p1__sz150__s42  t_train=266s  (ETA 99h13m)
2026-07-12 05:35:14  [E1 17/234 | global 17/366] ok     E1__actuadores__nx3__paper__unrolling__dr500__a0p01__sz150__s123  t_train=13023s  (ETA 93h34m)
2026-07-12 05:44:17  [E1 18/234 | global 18/366] ok     E1__actuadores__nx3__paper__unrolling__dr30__a0p1__sz150__s42  t_train=862s  (ETA 91h02m)
2026-07-12 06:11:51  [E1 19/234 | global 19/366] ok     E1__actuadores__nx3__paper__unrolling__dr5__a0p1__sz150__s123  t_train=264s  (ETA 94h23m)
2026-07-12 06:20:24  [E1 20/234 | global 20/366] ok     E1__actuadores__nx3__paper__unrolling__dr500__a0p05__sz150__s42  t_train=12611s  (ETA 91h52m)
2026-07-12 06:21:32  [E1 21/234 | global 21/366] ok     E1__actuadores__nx3__paper__unrolling__dr120__a0p1__sz150__s42  t_train=3041s  (ETA 87h33m)
2026-07-12 06:49:19  [E1 22/234 | global 22/366] ok     E1__actuadores__nx3__paper__unrolling__dr30__a0p1__sz150__s123  t_train=863s  (ETA 90h35m)
2026-07-12 07:33:55  [E1 23/234 | global 23/366] ok     E1__actuadores__nx3__paper__unrolling__dr120__a0p1__sz150__s123  t_train=3024s  (ETA 97h28m)
2026-07-12 08:01:11  [E1 24/234 | global 24/366] ok     E1__actuadores__nx3__control__unrolling__dr5__a0p001__sz150__s42  t_train=246s  (ETA 99h37m)
2026-07-12 08:03:45  [E1 25/234 | global 25/366] ok     E1__actuadores__nx3__paper__unrolling__dr500__a0p05__sz150__s123  t_train=12345s  (ETA 95h56m)
2026-07-12 08:38:13  [E1 26/234 | global 26/366] ok     E1__actuadores__nx3__control__unrolling__dr30__a0p001__sz150__s42  t_train=842s  (ETA 99h29m)
2026-07-12 09:16:46  [E1 27/234 | global 27/366] ok     E1__actuadores__nx3__control__unrolling__dr120__a0p001__sz150__s42  t_train=2996s  (ETA 103h35m)
2026-07-12 09:20:47  [E1 28/234 | global 28/366] ok     E1__actuadores__nx3__paper__unrolling__dr500__a0p1__sz150__s42  t_train=12238s  (ETA 100h24m)
2026-07-12 09:47:51  [E1 29/234 | global 29/366] ok     E1__actuadores__nx3__control__unrolling__dr5__a0p001__sz150__s123  t_train=244s  (ETA 101h53m)
2026-07-12 10:10:11  [E1 30/234 | global 30/366] ok     E1__actuadores__nx3__paper__unrolling__dr500__a0p1__sz150__s123  t_train=12334s  (ETA 102h22m)
2026-07-12 10:24:56  [E1 31/234 | global 31/366] ok     E1__actuadores__nx3__control__unrolling__dr30__a0p001__sz150__s123  t_train=841s  (ETA 101h26m)
2026-07-12 11:23:23  [E1 32/234 | global 32/366] ok     E1__actuadores__nx3__control__unrolling__dr120__a0p001__sz150__s123  t_train=3005s  (ETA 108h08m)
2026-07-12 12:25:29  [E1 33/234 | global 33/366] ok     E1__actuadores__nx3__control__unrolling__dr500__a0p001__sz150__s42  t_train=12261s  (ETA 114h59m)
2026-07-12 12:51:38  [E1 34/234 | global 34/366] ok     E1__actuadores__nx3__control__unrolling__dr5__a0p01__sz150__s42  t_train=235s  (ETA 115h32m)
2026-07-12 13:27:14  [E1 35/234 | global 35/366] ok     E1__actuadores__nx3__control__unrolling__dr30__a0p01__sz150__s42  t_train=803s  (ETA 117h30m)
2026-07-12 14:13:44  [E1 36/234 | global 36/366] ok     E1__actuadores__nx3__control__unrolling__dr500__a0p001__sz150__s123  t_train=12331s  (ETA 120h59m)
2026-07-12 14:25:45  [E1 37/234 | global 37/366] ok     E1__actuadores__nx3__paper__implicit__impl__a0p001__sz150__s123  t_train=46793s  (ETA 119h09m)
2026-07-12 14:39:10  [E1 38/234 | global 38/366] ok     E1__actuadores__nx3__paper__implicit__impl__a0p001__sz150__s42  t_train=47587s  (ETA 117h35m)
2026-07-12 14:44:33  [E1 39/234 | global 39/366] ok     E1__actuadores__nx3__paper__implicit__impl__a0p01__sz150__s42  t_train=47912s  (ETA 114h58m)
2026-07-12 14:46:55  [E1 40/234 | global 40/366] ok     E1__actuadores__nx3__control__unrolling__dr120__a0p01__sz150__s42  t_train=3284s  (ETA 112h05m)
2026-07-12 15:09:23  [E1 41/234 | global 41/366] ok     E1__actuadores__nx3__control__unrolling__dr5__a0p01__sz150__s123  t_train=276s  (ETA 111h59m)
2026-07-12 15:19:03  [E1 42/234 | global 42/366] ok     E1__actuadores__nx3__paper__implicit__impl__a0p01__sz150__s123  t_train=47403s  (ETA 110h13m)
2026-07-12 15:26:12  [E1 43/234 | global 43/366] ok     E1__actuadores__nx3__control__unrolling__dr30__a0p01__sz150__s123  t_train=946s  (ETA 108h13m)
2026-07-12 15:57:14  [E1 44/234 | global 44/366] ok     E1__actuadores__nx3__control__unrolling__dr5__a0p05__sz150__s42  t_train=281s  (ETA 109h13m)
2026-07-12 16:09:47  [E1 45/234 | global 45/366] ok     E1__actuadores__nx3__control__unrolling__dr120__a0p01__sz150__s123  t_train=3393s  (ETA 107h57m)
2026-07-12 16:32:05  [E1 46/234 | global 46/366] ok     E1__actuadores__nx3__paper__implicit__impl__a0p05__sz150__s42  t_train=47550s  (ETA 107h52m)
2026-07-12 16:40:23  [E1 47/234 | global 47/366] ok     E1__actuadores__nx3__control__unrolling__dr30__a0p05__sz150__s42  t_train=974s  (ETA 106h10m)
2026-07-12 17:33:54  [E1 48/234 | global 48/366] ok     E1__actuadores__nx3__control__unrolling__dr120__a0p05__sz150__s42  t_train=3444s  (ETA 109h33m)
2026-07-12 18:02:45  [E1 49/234 | global 49/366] ok     E1__actuadores__nx3__control__unrolling__dr5__a0p05__sz150__s123  t_train=255s  (ETA 110h05m)
2026-07-12 18:27:37  [E1 50/234 | global 50/366] ok     E1__actuadores__nx3__control__unrolling__dr500__a0p01__sz150__s42  t_train=13727s  (ETA 110h10m)
2026-07-12 18:35:46  [E1 51/234 | global 51/366] ok     E1__actuadores__nx3__paper__implicit__impl__a0p05__sz150__s123  t_train=47689s  (ETA 108h30m)
2026-07-12 18:40:22  [E1 52/234 | global 52/366] ok     E1__actuadores__nx3__control__unrolling__dr30__a0p05__sz150__s123  t_train=846s  (ETA 106h32m)
2026-07-12 19:16:31  [E1 53/234 | global 53/366] ok     E1__actuadores__nx3__control__unrolling__dr500__a0p01__sz150__s123  t_train=13317s  (ETA 107h45m)
2026-07-12 19:25:44  [E1 54/234 | global 54/366] ok     E1__actuadores__nx3__paper__implicit__impl__a0p1__sz150__s42  t_train=48451s  (ETA 106h18m)
2026-07-12 19:38:34  [E1 55/234 | global 55/366] ok     E1__actuadores__nx3__control__unrolling__dr120__a0p05__sz150__s123  t_train=2922s  (ETA 105h15m)
2026-07-12 19:42:32  [E1 56/234 | global 56/366] ok     E1__actuadores__nx3__control__unrolling__dr5__a0p1__sz150__s42  t_train=238s  (ETA 103h24m)
2026-07-12 20:01:53  [E1 57/234 | global 57/366] ok     E1__actuadores__nx3__control__unrolling__dr30__a0p1__sz150__s42  t_train=827s  (ETA 103h00m)
2026-07-12 20:25:43  [E1 58/234 | global 58/366] ok     E1__actuadores__nx3__control__unrolling__dr500__a0p05__sz150__s42  t_train=12577s  (ETA 103h01m)
2026-07-12 20:35:00  [E1 59/234 | global 59/366] ok     E1__actuadores__nx3__paper__implicit__impl__a0p1__sz150__s123  t_train=48121s  (ETA 101h44m)
2026-07-12 20:51:18  [E1 60/234 | global 60/366] ok     E1__actuadores__nx3__control__unrolling__dr120__a0p1__sz150__s42  t_train=2978s  (ETA 101h06m)
2026-07-12 20:54:22  [E1 61/234 | global 61/366] ok     E1__actuadores__nx3__control__unrolling__dr5__a0p1__sz150__s123  t_train=254s  (ETA 99h23m)
2026-07-12 21:16:58  [E1 62/234 | global 62/366] ok     E1__actuadores__nx3__control__unrolling__dr30__a0p1__sz150__s123  t_train=942s  (ETA 99h18m)
2026-07-12 22:13:51  [E1 63/234 | global 63/366] ok     E1__actuadores__nx3__control__unrolling__dr120__a0p1__sz150__s123  t_train=3385s  (ETA 101h58m)
2026-07-12 22:31:26  [E1 64/234 | global 64/366] ok     E1__actuadores__nx3__control__unrolling__dr500__a0p05__sz150__s123  t_train=12777s  (ETA 101h25m)
2026-07-12 22:42:18  [E1 65/234 | global 65/366] ok     E1__actuadores__nx3__control_margen__unrolling__dr5__a0p001__sz150__s42  t_train=259s  (ETA 100h22m)
2026-07-12 23:10:12  [E1 66/234 | global 66/366] ok     E1__actuadores__nx3__control_margen__unrolling__dr30__a0p001__sz150__s42  t_train=875s  (ETA 100h38m)
2026-07-12 23:15:15  [E1 67/234 | global 67/366] ok     E1__actuadores__nx3__control__implicit__impl__a0p001__sz150__s42  t_train=48835s  (ETA 99h11m)
2026-07-12 23:46:14  [E1 68/234 | global 68/366] ok     E1__actuadores__nx3__control__unrolling__dr500__a0p1__sz150__s42  t_train=13099s  (ETA 99h39m)
2026-07-13 00:04:51  [E1 69/234 | global 69/366] ok     E1__actuadores__nx3__control_margen__unrolling__dr120__a0p001__sz150__s42  t_train=3417s  (ETA 99h13m)
2026-07-13 00:19:12  [E1 70/234 | global 70/366] ok     E1__actuadores__nx3__control_margen__unrolling__dr5__a0p001__sz150__s123  t_train=299s  (ETA 98h29m)
2026-07-13 00:48:50  [E1 71/234 | global 71/366] ok     E1__actuadores__nx3__control_margen__unrolling__dr30__a0p001__sz150__s123  t_train=992s  (ETA 98h49m)
2026-07-13 01:09:58  [E1 72/234 | global 72/366] ok     E1__actuadores__nx3__control__unrolling__dr500__a0p1__sz150__s123  t_train=13763s  (ETA 98h33m)
2026-07-13 01:40:23  [E1 73/234 | global 73/366] ok     E1__actuadores__nx3__control_margen__unrolling__dr120__a0p001__sz150__s123  t_train=3329s  (ETA 98h54m)
2026-07-13 01:43:17  [E1 74/234 | global 74/366] ok     E1__actuadores__nx3__control__implicit__impl__a0p001__sz150__s123  t_train=50197s  (ETA 97h26m)
2026-07-13 02:08:12  [E1 75/234 | global 75/366] ok     E1__actuadores__nx3__control_margen__unrolling__dr5__a0p01__sz150__s42  t_train=253s  (ETA 97h25m)
2026-07-13 02:20:58  [E1 76/234 | global 76/366] ok     E1__actuadores__nx3__control_margen__unrolling__dr30__a0p01__sz150__s42  t_train=858s  (ETA 96h37m)
2026-07-13 03:18:06  [E1 77/234 | global 77/366] ok     E1__actuadores__nx3__control_margen__unrolling__dr500__a0p001__sz150__s42  t_train=13305s  (ETA 98h36m)
2026-07-13 03:22:10  [E1 78/234 | global 78/366] ok     E1__actuadores__nx3__control_margen__unrolling__dr120__a0p01__sz150__s42  t_train=3037s  (ETA 97h15m)
2026-07-13 03:49:57  [E1 79/234 | global 79/366] ok     E1__actuadores__nx3__control_margen__unrolling__dr5__a0p01__sz150__s123  t_train=251s  (ETA 97h22m)
2026-07-13 04:27:47  [E1 80/234 | global 80/366] ok     E1__actuadores__nx3__control_margen__unrolling__dr30__a0p01__sz150__s123  t_train=858s  (ETA 98h04m)
2026-07-13 04:41:17  [E1 81/234 | global 81/366] ok     E1__actuadores__nx3__control__implicit__impl__a0p01__sz150__s42  t_train=49820s  (ETA 97h19m)
2026-07-13 04:41:52  [E1 82/234 | global 82/366] ok     E1__actuadores__nx3__control_margen__unrolling__dr500__a0p001__sz150__s123  t_train=12594s  (ETA 95h49m)
2026-07-13 05:27:48  [E1 83/234 | global 83/366] ok     E1__actuadores__nx3__control__implicit__impl__a0p01__sz150__s123  t_train=49495s  (ETA 96h57m)
2026-07-13 05:41:31  [E1 84/234 | global 84/366] ok     E1__actuadores__nx3__control_margen__unrolling__dr120__a0p01__sz150__s123  t_train=3034s  (ETA 96h13m)
2026-07-13 05:55:17  [E1 85/234 | global 85/366] ok     E1__actuadores__nx3__control_margen__unrolling__dr5__a0p05__sz150__s42  t_train=252s  (ETA 95h30m)
2026-07-13 06:13:03  [E1 86/234 | global 86/366] ok     E1__actuadores__nx3__control_margen__unrolling__dr500__a0p01__sz150__s42  t_train=12521s  (ETA 95h01m)
2026-07-13 06:18:58  [E1 87/234 | global 87/366] ok     E1__actuadores__nx3__control_margen__unrolling__dr30__a0p05__sz150__s42  t_train=853s  (ETA 93h55m)
2026-07-13 06:42:53  [E1 88/234 | global 88/366] ok     E1__actuadores__nx3__control__implicit__impl__a0p05__sz150__s42  t_train=49125s  (ETA 93h46m)
2026-07-13 07:08:57  [E1 89/234 | global 89/366] ok     E1__actuadores__nx3__control_margen__unrolling__dr120__a0p05__sz150__s42  t_train=3020s  (ETA 93h44m)
2026-07-13 07:10:22  [E1 90/234 | global 90/366] ok     E1__actuadores__nx3__control_margen__unrolling__dr5__a0p05__sz150__s123  t_train=251s  (ETA 92h26m)
2026-07-13 07:46:24  [E1 91/234 | global 91/366] ok     E1__actuadores__nx3__control_margen__unrolling__dr30__a0p05__sz150__s123  t_train=849s  (ETA 92h54m)
2026-07-13 08:24:11  [E1 92/234 | global 92/366] ok     E1__actuadores__nx3__control_margen__unrolling__dr120__a0p05__sz150__s123  t_train=3033s  (ETA 93h26m)
2026-07-13 08:30:34  [E1 93/234 | global 93/366] ok     E1__actuadores__nx3__control_margen__unrolling__dr500__a0p01__sz150__s123  t_train=12367s  (ETA 92h24m)
2026-07-13 08:36:37  [E1 94/234 | global 94/366] ok     E1__actuadores__nx3__control__implicit__impl__a0p05__sz150__s123  t_train=48764s  (ETA 91h23m)
2026-07-13 08:57:59  [E1 95/234 | global 95/366] ok     E1__actuadores__nx3__control_margen__unrolling__dr5__a0p1__sz150__s42  t_train=250s  (ETA 91h06m)
2026-07-13 09:14:16  [E1 96/234 | global 96/366] ok     E1__actuadores__nx3__control_margen__unrolling__dr30__a0p1__sz150__s42  t_train=857s  (ETA 90h35m)
2026-07-13 10:07:40  [E1 97/234 | global 97/366] ok     E1__actuadores__nx3__control_margen__unrolling__dr500__a0p05__sz150__s42  t_train=12620s  (ETA 91h47m)
2026-07-13 10:10:13  [E1 98/234 | global 98/366] ok     E1__actuadores__nx3__control__implicit__impl__a0p1__sz150__s42  t_train=49331s  (ETA 90h37m)
2026-07-13 10:16:59  [E1 99/234 | global 99/366] ok     E1__actuadores__nx3__control_margen__unrolling__dr120__a0p1__sz150__s42  t_train=3276s  (ETA 89h41m)
2026-07-13 10:40:12  [E1 100/234 | global 100/366] ok     E1__actuadores__nx3__control_margen__unrolling__dr5__a0p1__sz150__s123  t_train=266s  (ETA 89h29m)
2026-07-13 10:56:21  [E1 101/234 | global 101/366] ok     E1__actuadores__nx3__control_margen__unrolling__dr30__a0p1__sz150__s123  t_train=904s  (ETA 88h58m)
2026-07-13 11:18:20  [E1 102/234 | global 102/366] ok     E1__actuadores__nx3__control__implicit__impl__a0p1__sz150__s123  t_train=48983s  (ETA 88h42m)
2026-07-13 11:45:18  [E1 103/234 | global 103/366] ok     E1__actuadores__nx3__control_margen__unrolling__dr500__a0p05__sz150__s123  t_train=12853s  (ETA 88h40m)
2026-07-13 11:57:53  [E1 104/234 | global 104/366] ok     E1__actuadores__nx3__control_margen__unrolling__dr120__a0p1__sz150__s123  t_train=3180s  (ETA 88h00m)
2026-07-13 12:14:38  [E1 105/234 | global 105/366] ok     E1__actuadores__nx3__esfuerzo__unrolling__dr5__a0p001__sz150__s42  t_train=267s  (ETA 87h32m)
2026-07-13 12:38:20  [E1 106/234 | global 106/366] ok     E1__actuadores__nx3__esfuerzo__unrolling__dr30__a0p001__sz150__s42  t_train=914s  (ETA 87h20m)
2026-07-13 13:19:25  [E1 107/234 | global 107/366] ok     E1__actuadores__nx3__control_margen__unrolling__dr500__a0p1__sz150__s42  t_train=13159s  (ETA 87h51m)
2026-07-13 13:20:04  [E1 108/234 | global 108/366] ok     E1__actuadores__nx3__control_margen__implicit__impl__a0p001__sz150__s42  t_train=49194s  (ETA 86h43m)
2026-07-13 13:34:06  [E1 109/234 | global 109/366] ok     E1__actuadores__nx3__esfuerzo__unrolling__dr120__a0p001__sz150__s42  t_train=3245s  (ETA 86h09m)
2026-07-13 13:49:39  [E1 110/234 | global 110/366] ok     E1__actuadores__nx3__esfuerzo__unrolling__dr5__a0p001__sz150__s123  t_train=262s  (ETA 85h38m)
2026-07-13 14:14:26  [E1 111/234 | global 111/366] ok     E1__actuadores__nx3__esfuerzo__unrolling__dr30__a0p001__sz150__s123  t_train=907s  (ETA 85h29m)
2026-07-13 14:57:57  [E1 112/234 | global 112/366] ok     E1__actuadores__nx3__control_margen__unrolling__dr500__a0p1__sz150__s123  t_train=13040s  (ETA 86h02m)
2026-07-13 14:59:54  [E1 113/234 | global 113/366] ok     E1__actuadores__nx3__control_margen__implicit__impl__a0p001__sz150__s123  t_train=48395s  (ETA 85h00m)
2026-07-13 15:07:08  [E1 114/234 | global 114/366] ok     E1__actuadores__nx3__esfuerzo__unrolling__dr120__a0p001__sz150__s123  t_train=3159s  (ETA 84h11m)
2026-07-13 15:27:32  [E1 115/234 | global 115/366] ok     E1__actuadores__nx3__esfuerzo__unrolling__dr5__a0p01__sz150__s42  t_train=250s  (ETA 83h52m)
2026-07-13 15:45:09  [E1 116/234 | global 116/366] ok     E1__actuadores__nx3__esfuerzo__unrolling__dr30__a0p01__sz150__s42  t_train=856s  (ETA 83h27m)
2026-07-13 16:37:27  [E1 117/234 | global 117/366] ok     E1__actuadores__nx3__esfuerzo__unrolling__dr500__a0p001__sz150__s42  t_train=12900s  (ETA 84h16m)
2026-07-13 16:41:48  [E1 118/234 | global 118/366] ok     E1__actuadores__nx3__esfuerzo__unrolling__dr120__a0p01__sz150__s42  t_train=3039s  (ETA 83h22m)
2026-07-13 17:07:59  [E1 119/234 | global 119/366] ok     E1__actuadores__nx3__control_margen__implicit__impl__a0p01__sz150__s42  t_train=48335s  (ETA 83h14m)
2026-07-13 17:09:33  [E1 120/234 | global 120/366] ok     E1__actuadores__nx3__esfuerzo__unrolling__dr5__a0p01__sz150__s123  t_train=250s  (ETA 82h16m)
2026-07-13 17:47:14  [E1 121/234 | global 121/366] ok     E1__actuadores__nx3__esfuerzo__unrolling__dr30__a0p01__sz150__s123  t_train=890s  (ETA 82h31m)
2026-07-13 18:10:35  [E1 122/234 | global 122/366] ok     E1__actuadores__nx3__esfuerzo__unrolling__dr500__a0p001__sz150__s123  t_train=12722s  (ETA 82h17m)
2026-07-13 18:29:29  [E1 123/234 | global 123/366] ok     E1__actuadores__nx3__esfuerzo__unrolling__dr120__a0p01__sz150__s123  t_train=3276s  (ETA 81h54m)
2026-07-13 18:36:44  [E1 124/234 | global 124/366] ok     E1__actuadores__nx3__control_margen__implicit__impl__a0p01__sz150__s123  t_train=48634s  (ETA 81h09m)
2026-07-13 19:00:17  [E1 125/234 | global 125/366] ok     E1__actuadores__nx3__esfuerzo__unrolling__dr5__a0p05__sz150__s42  t_train=276s  (ETA 80h55m)
2026-07-13 19:18:56  [E1 126/234 | global 126/366] ok     E1__actuadores__nx3__esfuerzo__unrolling__dr30__a0p05__sz150__s42  t_train=934s  (ETA 80h32m)
2026-07-13 19:51:15  [E1 127/234 | global 127/366] ok     E1__actuadores__nx3__esfuerzo__unrolling__dr500__a0p01__sz150__s42  t_train=13296s  (ETA 80h35m)
2026-07-13 20:21:05  [E1 128/234 | global 128/366] ok     E1__actuadores__nx3__esfuerzo__unrolling__dr120__a0p05__sz150__s42  t_train=3319s  (ETA 80h33m)
2026-07-13 20:21:44  [E1 129/234 | global 129/366] ok     E1__actuadores__nx3__control_margen__implicit__impl__a0p05__sz150__s42  t_train=49072s  (ETA 79h36m)
2026-07-13 20:49:29  [E1 130/234 | global 130/366] ok     E1__actuadores__nx3__esfuerzo__unrolling__dr5__a0p05__sz150__s123  t_train=258s  (ETA 79h30m)
2026-07-13 21:00:15  [E1 131/234 | global 131/366] ok     E1__actuadores__nx3__esfuerzo__unrolling__dr30__a0p05__sz150__s123  t_train=876s  (ETA 78h53m)
2026-07-13 21:52:15  [E1 132/234 | global 132/366] ok     E1__actuadores__nx3__esfuerzo__unrolling__dr500__a0p01__sz150__s123  t_train=13213s  (ETA 79h29m)
2026-07-13 22:03:01  [E1 133/234 | global 133/366] ok     E1__actuadores__nx3__esfuerzo__unrolling__dr120__a0p05__sz150__s123  t_train=3011s  (ETA 78h52m)
2026-07-13 22:34:25  [E1 134/234 | global 134/366] ok     E1__actuadores__nx3__control_margen__implicit__impl__a0p05__sz150__s123  t_train=49466s  (ETA 78h51m)
2026-07-13 22:34:27  [E1 135/234 | global 135/366] ok     E1__actuadores__nx3__esfuerzo__unrolling__dr5__a0p1__sz150__s42  t_train=290s  (ETA 77h55m)
2026-07-13 23:19:13  [E1 136/234 | global 136/366] ok     E1__actuadores__nx3__esfuerzo__unrolling__dr30__a0p1__sz150__s42  t_train=1006s  (ETA 78h17m)
2026-07-13 23:26:38  [E1 137/234 | global 137/366] ok     E1__actuadores__nx3__esfuerzo__unrolling__dr500__a0p05__sz150__s42  t_train=13359s  (ETA 77h35m)
2026-07-14 00:00:53  [E1 138/234 | global 138/366] ok     E1__actuadores__nx3__esfuerzo__unrolling__dr120__a0p1__sz150__s42  t_train=3519s  (ETA 77h37m)
2026-07-14 00:41:32  [E1 139/234 | global 139/366] ok     E1__actuadores__nx3__control_margen__implicit__impl__a0p1__sz150__s42  t_train=50740s  (ETA 77h50m)
2026-07-14 00:45:14  [E1 140/234 | global 140/366] ok     E1__actuadores__nx3__esfuerzo__unrolling__dr5__a0p1__sz150__s123  t_train=392s  (ETA 77h02m)
2026-07-14 01:26:50  [E1 141/234 | global 141/366] ok     E1__actuadores__nx3__esfuerzo__unrolling__dr30__a0p1__sz150__s123  t_train=993s  (ETA 77h15m)
2026-07-14 01:29:54  [E1 142/234 | global 142/366] ok     E1__actuadores__nx3__esfuerzo__unrolling__dr500__a0p05__sz150__s123  t_train=14731s  (ETA 76h27m)
2026-07-14 01:50:13  [E1 143/234 | global 143/366] ok     E1__actuadores__nx3__control_margen__implicit__impl__a0p1__sz150__s123  t_train=50862s  (ETA 76h06m)
2026-07-14 02:03:04  [E1 144/234 | global 144/366] ok     E1__actuadores__nx3__esfuerzo__unrolling__dr120__a0p1__sz150__s123  t_train=3189s  (ETA 75h34m)
2026-07-14 02:16:29  [E1 145/234 | global 145/366] ok     E1__actuadores__nx3__condicionamiento__unrolling__dr5__a0p001__sz150__s42  t_train=236s  (ETA 75h03m)
2026-07-14 02:38:22  [E1 146/234 | global 146/366] ok     E1__actuadores__nx3__condicionamiento__unrolling__dr30__a0p001__sz150__s42  t_train=801s  (ETA 74h45m)
2026-07-14 03:26:37  [E1 147/234 | global 147/366] ok     E1__actuadores__nx3__condicionamiento__unrolling__dr120__a0p001__sz150__s42  t_train=2878s  (ETA 75h06m)
2026-07-14 03:31:49  [E1 148/234 | global 148/366] ok     E1__actuadores__nx3__esfuerzo__unrolling__dr500__a0p1__sz150__s42  t_train=13494s  (ETA 74h23m)
2026-07-14 03:40:57  [E1 149/234 | global 149/366] ok     E1__actuadores__nx3__esfuerzo__implicit__impl__a0p001__sz150__s42  t_train=50287s  (ETA 73h46m)
2026-07-14 03:58:10  [E1 150/234 | global 150/366] ok     E1__actuadores__nx3__condicionamiento__unrolling__dr5__a0p001__sz150__s123  t_train=238s  (ETA 73h21m)
2026-07-14 04:16:51  [E1 151/234 | global 151/366] ok     E1__actuadores__nx3__condicionamiento__unrolling__dr30__a0p001__sz150__s123  t_train=814s  (ETA 72h58m)
2026-07-14 05:06:45  [E1 152/234 | global 152/366] ok     E1__actuadores__nx3__esfuerzo__unrolling__dr500__a0p1__sz150__s123  t_train=11871s  (ETA 73h19m)
2026-07-14 05:08:45  [E1 153/234 | global 153/366] ok     E1__actuadores__nx3__esfuerzo__implicit__impl__a0p001__sz150__s123  t_train=49626s  (ETA 72h33m)
2026-07-14 05:09:00  [E1 154/234 | global 154/366] ok     E1__actuadores__nx3__condicionamiento__unrolling__dr120__a0p001__sz150__s123  t_train=2912s  (ETA 71h45m)
2026-07-14 05:35:12  [E1 155/234 | global 155/366] ok     E1__actuadores__nx3__condicionamiento__unrolling__dr5__a0p01__sz150__s42  t_train=239s  (ETA 71h32m)
2026-07-14 05:44:55  [E1 156/234 | global 156/366] ok     E1__actuadores__nx3__condicionamiento__unrolling__dr30__a0p01__sz150__s42  t_train=816s  (ETA 70h58m)
2026-07-14 06:17:00  [E1 157/234 | global 157/366] ok     E1__actuadores__nx3__condicionamiento__unrolling__dr500__a0p001__sz150__s42  t_train=11793s  (ETA 70h53m)
2026-07-14 06:45:52  [E1 158/234 | global 158/366] ok     E1__actuadores__nx3__condicionamiento__unrolling__dr120__a0p01__sz150__s42  t_train=2908s  (ETA 70h44m)
2026-07-14 06:48:46  [E1 159/234 | global 159/366] ok     E1__actuadores__nx3__esfuerzo__implicit__impl__a0p01__sz150__s42  t_train=49597s  (ETA 70h01m)
2026-07-14 07:12:12  [E1 160/234 | global 160/366] ok     E1__actuadores__nx3__condicionamiento__unrolling__dr5__a0p01__sz150__s123  t_train=237s  (ETA 69h44m)
2026-07-14 07:24:48  [E1 161/234 | global 161/366] ok     E1__actuadores__nx3__condicionamiento__unrolling__dr30__a0p01__sz150__s123  t_train=820s  (ETA 69h14m)
2026-07-14 07:56:50  [E1 162/234 | global 162/366] ok     E1__actuadores__nx3__condicionamiento__unrolling__dr500__a0p001__sz150__s123  t_train=11862s  (ETA 69h09m)
2026-07-14 08:09:44  [E1 163/234 | global 163/366] ok     E1__actuadores__nx3__esfuerzo__implicit__impl__a0p01__sz150__s123  t_train=48967s  (ETA 68h39m)
2026-07-14 08:22:52  [E1 164/234 | global 164/366] ok     E1__actuadores__nx3__condicionamiento__unrolling__dr120__a0p01__sz150__s123  t_train=2906s  (ETA 68h10m)
2026-07-14 08:36:02  [E1 165/234 | global 165/366] ok     E1__actuadores__nx3__condicionamiento__unrolling__dr5__a0p05__sz150__s42  t_train=238s  (ETA 67h41m)
2026-07-14 08:58:40  [E1 166/234 | global 166/366] ok     E1__actuadores__nx3__condicionamiento__unrolling__dr30__a0p05__sz150__s42  t_train=814s  (ETA 67h24m)
2026-07-14 09:25:48  [E1 167/234 | global 167/366] ok     E1__actuadores__nx3__condicionamiento__unrolling__dr500__a0p01__sz150__s42  t_train=11920s  (ETA 67h12m)
2026-07-14 09:32:21  [E1 168/234 | global 168/366] ok     E1__actuadores__nx3__esfuerzo__implicit__impl__a0p05__sz150__s42  t_train=47812s  (ETA 66h36m)
2026-07-14 09:46:47  [E1 169/234 | global 169/366] ok     E1__actuadores__nx3__condicionamiento__unrolling__dr120__a0p05__sz150__s42  t_train=2908s  (ETA 66h09m)
2026-07-14 09:58:41  [E1 170/234 | global 170/366] ok     E1__actuadores__nx3__condicionamiento__unrolling__dr5__a0p05__sz150__s123  t_train=237s  (ETA 65h39m)
2026-07-14 10:24:08  [E1 171/234 | global 171/366] ok     E1__actuadores__nx3__condicionamiento__unrolling__dr30__a0p05__sz150__s123  t_train=853s  (ETA 65h25m)
2026-07-14 11:06:49  [E1 172/234 | global 172/366] ok     E1__actuadores__nx3__condicionamiento__unrolling__dr500__a0p01__sz150__s123  t_train=11987s  (ETA 65h30m)
2026-07-14 11:10:29  [E1 173/234 | global 173/366] ok     E1__actuadores__nx3__condicionamiento__unrolling__dr120__a0p05__sz150__s123  t_train=2928s  (ETA 64h52m)
2026-07-14 11:33:51  [E1 174/234 | global 174/366] ok     E1__actuadores__nx3__esfuerzo__implicit__impl__a0p05__sz150__s123  t_train=47854s  (ETA 64h35m)
2026-07-14 11:38:25  [E1 175/234 | global 175/366] ok     E1__actuadores__nx3__condicionamiento__unrolling__dr5__a0p1__sz150__s42  t_train=254s  (ETA 63h58m)
2026-07-14 12:12:45  [E1 176/234 | global 176/366] ok     E1__actuadores__nx3__condicionamiento__unrolling__dr30__a0p1__sz150__s42  t_train=869s  (ETA 63h53m)
2026-07-14 12:42:23  [E1 177/234 | global 177/366] ok     E1__actuadores__nx3__condicionamiento__unrolling__dr500__a0p05__sz150__s42  t_train=12102s  (ETA 63h43m)
2026-07-14 12:51:09  [E1 178/234 | global 178/366] ok     E1__actuadores__nx3__condicionamiento__unrolling__dr120__a0p1__sz150__s42  t_train=2989s  (ETA 63h11m)
2026-07-14 12:51:55  [E1 179/234 | global 179/366] ok     E1__actuadores__nx3__esfuerzo__implicit__impl__a0p1__sz150__s42  t_train=46993s  (ETA 62h30m)
2026-07-14 13:17:12  [E1 180/234 | global 180/366] ok     E1__actuadores__nx3__condicionamiento__unrolling__dr5__a0p1__sz150__s123  t_train=237s  (ETA 62h15m)
2026-07-14 13:27:25  [E1 181/234 | global 181/366] ok     E1__actuadores__nx3__condicionamiento__unrolling__dr30__a0p1__sz150__s123  t_train=808s  (ETA 61h45m)
2026-07-14 14:07:03  [E1 182/234 | global 182/366] ok     E1__actuadores__nx3__condicionamiento__unrolling__dr500__a0p05__sz150__s123  t_train=12060s  (ETA 61h45m)
2026-07-14 14:25:32  [E1 183/234 | global 183/366] ok     E1__actuadores__nx3__esfuerzo__implicit__impl__a0p1__sz150__s123  t_train=45167s  (ETA 61h23m)
2026-07-14 14:30:18  [E1 184/234 | global 184/366] ok     E1__actuadores__nx3__condicionamiento__unrolling__dr120__a0p1__sz150__s123  t_train=2988s  (ETA 60h48m)
2026-07-14 14:57:49  [E1 185/234 | global 185/366] ok     E1__actuadores__nx3__margen_norm__unrolling__dr5__a0p001__sz150__s42  t_train=307s  (ETA 60h35m)
2026-07-14 15:11:23  [E1 186/234 | global 186/366] ok     E1__actuadores__nx3__margen_norm__unrolling__dr30__a0p001__sz150__s42  t_train=921s  (ETA 60h09m)
2026-07-14 16:04:12  [E1 187/234 | global 187/366] ok     E1__actuadores__nx3__condicionamiento__unrolling__dr500__a0p1__sz150__s42  t_train=12501s  (ETA 60h20m)
2026-07-14 16:15:31  [E1 188/234 | global 188/366] ok     E1__actuadores__nx3__margen_norm__unrolling__dr120__a0p001__sz150__s42  t_train=3185s  (ETA 59h51m)
2026-07-14 16:41:09  [E1 189/234 | global 189/366] ok     E1__actuadores__nx3__condicionamiento__implicit__impl__a0p001__sz150__s42  t_train=46250s  (ETA 59h36m)
2026-07-14 16:48:36  [E1 190/234 | global 190/366] ok     E1__actuadores__nx3__margen_norm__unrolling__dr5__a0p001__sz150__s123  t_train=316s  (ETA 59h04m)
2026-07-14 17:23:14  [E1 191/234 | global 191/366] ok     E1__actuadores__nx3__margen_norm__unrolling__dr30__a0p001__sz150__s123  t_train=962s  (ETA 58h58m)
2026-07-14 17:31:21  [E1 192/234 | global 192/366] ok     E1__actuadores__nx3__condicionamiento__unrolling__dr500__a0p1__sz150__s123  t_train=13226s  (ETA 58h26m)
2026-07-14 18:03:36  [E1 193/234 | global 193/366] ok     E1__actuadores__nx3__margen_norm__unrolling__dr120__a0p001__sz150__s123  t_train=3041s  (ETA 58h17m)
2026-07-14 18:29:34  [E1 194/234 | global 194/366] ok     E1__actuadores__nx3__condicionamiento__implicit__impl__a0p001__sz150__s123  t_train=46770s  (ETA 58h02m)
2026-07-14 18:30:23  [E1 195/234 | global 195/366] ok     E1__actuadores__nx3__margen_norm__unrolling__dr5__a0p01__sz150__s42  t_train=253s  (ETA 57h25m)
2026-07-14 19:09:34  [E1 196/234 | global 196/366] ok     E1__actuadores__nx3__margen_norm__unrolling__dr30__a0p01__sz150__s42  t_train=909s  (ETA 57h21m)
2026-07-14 19:12:05  [E1 197/234 | global 197/366] ok     E1__actuadores__nx3__margen_norm__unrolling__dr500__a0p001__sz150__s42  t_train=12989s  (ETA 56h46m)
2026-07-14 19:38:23  [E1 198/234 | global 198/366] ok     E1__actuadores__nx3__condicionamiento__implicit__impl__a0p01__sz150__s42  t_train=46753s  (ETA 56h31m)
2026-07-14 19:44:23  [E1 199/234 | global 199/366] ok     E1__actuadores__nx3__margen_norm__unrolling__dr120__a0p01__sz150__s42  t_train=3049s  (ETA 55h59m)
2026-07-14 20:04:45  [E1 200/234 | global 200/366] ok     E1__actuadores__nx3__margen_norm__unrolling__dr5__a0p01__sz150__s123  t_train=253s  (ETA 55h39m)
2026-07-14 20:20:13  [E1 201/234 | global 201/366] ok     E1__actuadores__nx3__margen_norm__unrolling__dr30__a0p01__sz150__s123  t_train=826s  (ETA 55h15m)
2026-07-14 21:05:37  [E1 202/234 | global 202/366] ok     E1__actuadores__nx3__margen_norm__unrolling__dr500__a0p001__sz150__s123  t_train=12019s  (ETA 55h15m)
2026-07-14 21:14:51  [E1 203/234 | global 203/366] ok     E1__actuadores__nx3__margen_norm__unrolling__dr120__a0p01__sz150__s123  t_train=2885s  (ETA 54h46m)
2026-07-14 21:18:25  [E1 204/234 | global 204/366] ok     E1__actuadores__nx3__condicionamiento__implicit__impl__a0p01__sz150__s123  t_train=46669s  (ETA 54h13m)
2026-07-14 21:41:09  [E1 205/234 | global 205/366] ok     E1__actuadores__nx3__margen_norm__unrolling__dr5__a0p05__sz150__s42  t_train=251s  (ETA 53h55m)
2026-07-14 21:54:19  [E1 206/234 | global 206/366] ok     E1__actuadores__nx3__margen_norm__unrolling__dr30__a0p05__sz150__s42  t_train=829s  (ETA 53h29m)
2026-07-14 22:49:37  [E1 207/234 | global 207/366] ok     E1__actuadores__nx3__margen_norm__unrolling__dr500__a0p01__sz150__s42  t_train=11889s  (ETA 53h36m)
2026-07-14 22:50:03  [E1 208/234 | global 208/366] ok     E1__actuadores__nx3__condicionamiento__implicit__impl__a0p05__sz150__s42  t_train=46845s  (ETA 53h01m)
2026-07-14 22:51:05  [E1 209/234 | global 209/366] ok     E1__actuadores__nx3__margen_norm__unrolling__dr120__a0p05__sz150__s42  t_train=2879s  (ETA 52h27m)
2026-07-14 23:16:24  [E1 210/234 | global 210/366] ok     E1__actuadores__nx3__margen_norm__unrolling__dr5__a0p05__sz150__s123  t_train=254s  (ETA 52h10m)
2026-07-14 23:26:45  [E1 211/234 | global 211/366] ok     E1__actuadores__nx3__margen_norm__unrolling__dr30__a0p05__sz150__s123  t_train=823s  (ETA 51h43m)
2026-07-14 23:58:42  [E1 212/234 | global 212/366] ok     E1__actuadores__nx3__margen_norm__unrolling__dr500__a0p01__sz150__s123  t_train=11796s  (ETA 51h32m)
2026-07-15 00:27:10  [E1 213/234 | global 213/366] ok     E1__actuadores__nx3__margen_norm__unrolling__dr120__a0p05__sz150__s123  t_train=2917s  (ETA 51h18m)
2026-07-15 00:30:09  [E1 214/234 | global 214/366] ok     E1__actuadores__nx3__condicionamiento__implicit__impl__a0p05__sz150__s123  t_train=46783s  (ETA 50h45m)
2026-07-15 00:53:33  [E1 215/234 | global 215/366] ok     E1__actuadores__nx3__margen_norm__unrolling__dr5__a0p1__sz150__s42  t_train=254s  (ETA 50h28m)
2026-07-15 01:06:13  [E1 216/234 | global 216/366] ok     E1__actuadores__nx3__margen_norm__unrolling__dr30__a0p1__sz150__s42  t_train=834s  (ETA 50h03m)
2026-07-15 01:33:58  [E1 217/234 | global 217/366] ok     E1__actuadores__nx3__margen_norm__unrolling__dr500__a0p05__sz150__s42  t_train=11857s  (ETA 49h48m)
2026-07-15 01:56:11  [E1 218/234 | global 218/366] ok     E1__actuadores__nx3__condicionamiento__implicit__impl__a0p1__sz150__s42  t_train=46205s  (ETA 49h29m)
2026-07-15 02:04:24  [E1 219/234 | global 219/366] ok     E1__actuadores__nx3__margen_norm__unrolling__dr120__a0p1__sz150__s42  t_train=2925s  (ETA 49h01m)
2026-07-15 02:22:29  [E1 220/234 | global 220/366] ok     E1__actuadores__nx3__margen_norm__unrolling__dr5__a0p1__sz150__s123  t_train=252s  (ETA 48h40m)
2026-07-15 02:40:20  [E1 221/234 | global 221/366] ok     E1__actuadores__nx3__margen_norm__unrolling__dr30__a0p1__sz150__s123  t_train=830s  (ETA 48h19m)
2026-07-15 03:04:23  [E1 222/234 | global 222/366] ok     E1__actuadores__nx3__margen_norm__unrolling__dr500__a0p05__sz150__s123  t_train=11743s  (ETA 48h01m)
2026-07-15 03:21:25  [E1 223/234 | global 223/366] ok     E1__actuadores__nx3__condicionamiento__implicit__impl__a0p1__sz150__s123  t_train=46283s  (ETA 47h39m)
2026-07-15 03:32:05  [E1 224/234 | global 224/366] ok     E1__actuadores__nx3__margen_norm__unrolling__dr120__a0p1__sz150__s123  t_train=2870s  (ETA 47h13m)
2026-07-15 04:37:55  [E1 225/234 | global 225/366] ok     E1__actuadores__nx3__margen_norm__unrolling__dr500__a0p1__sz150__s42  t_train=11422s  (ETA 47h22m)
2026-07-15 04:55:49  [E1 226/234 | global 226/366] ok     E1__actuadores__nx3__margen_norm__implicit__impl__a0p001__sz150__s42  t_train=45043s  (ETA 47h01m)
2026-07-15 05:51:13  [E1 227/234 | global 227/366] ok     E1__actuadores__nx3__margen_norm__implicit__impl__a0p001__sz150__s123  t_train=43162s  (ETA 47h02m)
2026-07-15 05:51:30  [E1 228/234 | global 228/366] ok     E1__actuadores__nx3__margen_norm__unrolling__dr500__a0p1__sz150__s123  t_train=10324s  (ETA 46h30m)
2026-07-15 06:59:59  [E1 229/234 | global 229/366] ok     E1__actuadores__nx3__margen_norm__implicit__impl__a0p01__sz150__s42  t_train=41270s  (ETA 46h38m)
2026-07-15 08:17:19  [E1 230/234 | global 230/366] ok     E1__actuadores__nx3__margen_norm__implicit__impl__a0p01__sz150__s123  t_train=39121s  (ETA 46h52m)
2026-07-15 09:32:07  [E1 231/234 | global 231/366] ok     E1__actuadores__nx3__margen_norm__implicit__impl__a0p05__sz150__s42  t_train=37444s  (ETA 47h02m)
2026-07-15 10:14:00  [E1 232/234 | global 232/366] ok     E1__actuadores__nx3__margen_norm__implicit__impl__a0p05__sz150__s123  t_train=35845s  (ETA 46h54m)
2026-07-15 11:12:59  [E1 233/234 | global 233/366] ok     E1__actuadores__nx3__margen_norm__implicit__impl__a0p1__sz150__s42  t_train=33740s  (ETA 46h54m)
2026-07-15 12:08:41  [E1 234/234 | global 234/366] ok     E1__actuadores__nx3__margen_norm__implicit__impl__a0p1__sz150__s123  t_train=31740s  (ETA 46h53m)
2026-07-15 12:08:41  === Etapa E2: 48 corridas, 0 ya hechas, 48 por correr -> C:\Users\PC2\Desktop\Tesis\Memoria-De-Titulo-main\Memoria-De-Titulo-main\Red\analisis\resultados\barrido\E2 (workers=12) ===
2026-07-15 12:24:43  [E2 1/48 | global 235/366] ok     E2__actuadores__nx2__control__unrolling__dr30__a0p01__sz150__s123  t_train=743s  (ETA 46h28m)
2026-07-15 12:24:43  [E2 2/48 | global 236/366] ok     E2__actuadores__nx2__control__unrolling__dr30__a0p01__sz150__s42  t_train=743s  (ETA 45h55m)
2026-07-15 12:25:00  [E2 3/48 | global 237/366] ok     E2__actuadores__nx2__paper__unrolling__dr30__a0p01__sz150__s123  t_train=758s  (ETA 45h23m)
2026-07-15 12:25:02  [E2 4/48 | global 238/366] ok     E2__actuadores__nx2__paper__unrolling__dr30__a0p01__sz150__s42  t_train=761s  (ETA 44h50m)
2026-07-15 12:45:25  [E2 5/48 | global 239/366] ok     E2__actuadores__nx3__control__unrolling__dr30__a0p01__sz150__s123  t_train=832s  (ETA 44h29m)
2026-07-15 12:45:35  [E2 6/48 | global 240/366] ok     E2__actuadores__nx3__paper__unrolling__dr30__a0p01__sz150__s42  t_train=842s  (ETA 43h57m)
2026-07-15 12:45:36  [E2 7/48 | global 241/366] ok     E2__actuadores__nx3__control__unrolling__dr30__a0p01__sz150__s42  t_train=838s  (ETA 43h25m)
2026-07-15 12:45:37  [E2 8/48 | global 242/366] ok     E2__actuadores__nx3__paper__unrolling__dr30__a0p01__sz150__s123  t_train=843s  (ETA 42h54m)
2026-07-15 13:00:13  [E2 9/48 | global 243/366] ok     E2__actuadores__nx4__paper__unrolling__dr30__a0p01__sz150__s123  t_train=951s  (ETA 42h30m)
2026-07-15 13:00:21  [E2 10/48 | global 244/366] ok     E2__actuadores__nx4__paper__unrolling__dr30__a0p01__sz150__s42  t_train=949s  (ETA 41h59m)
2026-07-15 13:01:42  [E2 11/48 | global 245/366] ok     E2__actuadores__nx2__control_margen__unrolling__dr30__a0p01__sz150__s42  t_train=764s  (ETA 41h29m)
2026-07-15 13:01:48  [E2 12/48 | global 246/366] ok     E2__actuadores__nx2__control_margen__unrolling__dr30__a0p01__sz150__s123  t_train=761s  (ETA 40h58m)
2026-07-15 13:16:44  [E2 13/48 | global 247/366] ok     E2__actuadores__nx4__control__unrolling__dr30__a0p01__sz150__s42  t_train=927s  (ETA 40h35m)
2026-07-15 13:16:55  [E2 14/48 | global 248/366] ok     E2__actuadores__nx4__control__unrolling__dr30__a0p01__sz150__s123  t_train=931s  (ETA 40h05m)
2026-07-15 13:21:31  [E2 15/48 | global 249/366] ok     E2__actuadores__nx5__paper__unrolling__dr30__a0p01__sz150__s123  t_train=1067s  (ETA 39h37m)
2026-07-15 13:21:44  [E2 16/48 | global 250/366] ok     E2__actuadores__nx5__paper__unrolling__dr30__a0p01__sz150__s42  t_train=1068s  (ETA 39h07m)
2026-07-15 13:22:43  [E2 17/48 | global 251/366] ok     E2__actuadores__nx3__control_margen__unrolling__dr30__a0p01__sz150__s123  t_train=851s  (ETA 38h38m)
2026-07-15 13:22:51  [E2 18/48 | global 252/366] ok     E2__actuadores__nx3__control_margen__unrolling__dr30__a0p01__sz150__s42  t_train=865s  (ETA 38h09m)
2026-07-15 13:32:56  [E2 19/48 | global 253/366] ok     E2__actuadores__nx2__esfuerzo__unrolling__dr30__a0p01__sz150__s42  t_train=767s  (ETA 37h44m)
2026-07-15 13:33:08  [E2 20/48 | global 254/366] ok     E2__actuadores__nx2__esfuerzo__unrolling__dr30__a0p01__sz150__s123  t_train=767s  (ETA 37h16m)
2026-07-15 13:38:37  [E2 21/48 | global 255/366] ok     E2__actuadores__nx5__control__unrolling__dr30__a0p01__sz150__s42  t_train=1067s  (ETA 36h49m)
2026-07-15 13:38:37  [E2 22/48 | global 256/366] ok     E2__actuadores__nx5__control__unrolling__dr30__a0p01__sz150__s123  t_train=1067s  (ETA 36h21m)
2026-07-15 13:52:04  [E2 23/48 | global 257/366] ok     E2__actuadores__nx4__control_margen__unrolling__dr30__a0p01__sz150__s42  t_train=933s  (ETA 35h58m)
2026-07-15 13:52:14  [E2 24/48 | global 258/366] ok     E2__actuadores__nx4__control_margen__unrolling__dr30__a0p01__sz150__s123  t_train=931s  (ETA 35h30m)
2026-07-15 13:54:41  [E2 25/48 | global 259/366] ok     E2__actuadores__nx2__condicionamiento__unrolling__dr30__a0p01__sz150__s123  t_train=760s  (ETA 35h03m)
2026-07-15 13:54:44  [E2 26/48 | global 260/366] ok     E2__actuadores__nx2__condicionamiento__unrolling__dr30__a0p01__sz150__s42  t_train=761s  (ETA 34h36m)
2026-07-15 13:58:14  [E2 27/48 | global 261/366] ok     E2__actuadores__nx3__esfuerzo__unrolling__dr30__a0p01__sz150__s42  t_train=830s  (ETA 34h10m)
2026-07-15 13:58:35  [E2 28/48 | global 262/366] ok     E2__actuadores__nx3__esfuerzo__unrolling__dr30__a0p01__sz150__s123  t_train=831s  (ETA 33h43m)
2026-07-15 14:15:25  [E2 29/48 | global 263/366] ok     E2__actuadores__nx4__esfuerzo__unrolling__dr30__a0p01__sz150__s42  t_train=938s  (ETA 33h22m)
2026-07-15 14:15:41  [E2 30/48 | global 264/366] ok     E2__actuadores__nx4__esfuerzo__unrolling__dr30__a0p01__sz150__s123  t_train=952s  (ETA 32h55m)
2026-07-15 14:15:52  [E2 31/48 | global 265/366] ok     E2__actuadores__nx5__control_margen__unrolling__dr30__a0p01__sz150__s42  t_train=1074s  (ETA 32h29m)
2026-07-15 14:16:00  [E2 32/48 | global 266/366] ok     E2__actuadores__nx5__control_margen__unrolling__dr30__a0p01__sz150__s123  t_train=1067s  (ETA 32h02m)
2026-07-15 14:29:03  [E2 33/48 | global 267/366] ok     E2__actuadores__nx3__condicionamiento__unrolling__dr30__a0p01__sz150__s42  t_train=842s  (ETA 31h41m)
2026-07-15 14:29:16  [E2 34/48 | global 268/366] ok     E2__actuadores__nx3__condicionamiento__unrolling__dr30__a0p01__sz150__s123  t_train=836s  (ETA 31h14m)
2026-07-15 14:31:41  [E2 35/48 | global 269/366] ok     E2__actuadores__nx2__margen_norm__unrolling__dr30__a0p01__sz150__s42  t_train=763s  (ETA 30h49m)
2026-07-15 14:32:11  [E2 36/48 | global 270/366] ok     E2__actuadores__nx2__margen_norm__unrolling__dr30__a0p01__sz150__s123  t_train=777s  (ETA 30h24m)
2026-07-15 14:47:12  [E2 37/48 | global 271/366] ok     E2__actuadores__nx4__condicionamiento__unrolling__dr30__a0p01__sz150__s42  t_train=939s  (ETA 30h03m)
2026-07-15 14:47:12  [E2 38/48 | global 272/366] ok     E2__actuadores__nx4__condicionamiento__unrolling__dr30__a0p01__sz150__s123  t_train=940s  (ETA 29h38m)
2026-07-15 14:47:49  [E2 39/48 | global 273/366] ok     E2__actuadores__nx5__esfuerzo__unrolling__dr30__a0p01__sz150__s42  t_train=1079s  (ETA 29h13m)
2026-07-15 14:47:57  [E2 40/48 | global 274/366] ok     E2__actuadores__nx5__esfuerzo__unrolling__dr30__a0p01__sz150__s123  t_train=1075s  (ETA 28h47m)
2026-07-15 14:51:40  [E2 41/48 | global 275/366] ok     E2__actuadores__nx3__margen_norm__unrolling__dr30__a0p01__sz150__s123  t_train=862s  (ETA 28h24m)
2026-07-15 14:51:43  [E2 42/48 | global 276/366] ok     E2__actuadores__nx3__margen_norm__unrolling__dr30__a0p01__sz150__s42  t_train=869s  (ETA 27h59m)
2026-07-15 15:04:23  [E2 43/48 | global 277/366] ok     E2__actuadores__nx5__condicionamiento__unrolling__dr30__a0p01__sz150__s42  t_train=906s  (ETA 27h38m)
2026-07-15 15:04:35  [E2 44/48 | global 278/366] ok     E2__actuadores__nx5__condicionamiento__unrolling__dr30__a0p01__sz150__s123  t_train=900s  (ETA 27h14m)
2026-07-15 15:10:22  [E2 45/48 | global 279/366] ok     E2__actuadores__nx4__margen_norm__unrolling__dr30__a0p01__sz150__s42  t_train=736s  (ETA 26h51m)
2026-07-15 15:10:36  [E2 46/48 | global 280/366] ok     E2__actuadores__nx4__margen_norm__unrolling__dr30__a0p01__sz150__s123  t_train=734s  (ETA 26h27m)
2026-07-15 15:24:08  [E2 47/48 | global 281/366] ok     E2__actuadores__nx5__margen_norm__unrolling__dr30__a0p01__sz150__s42  t_train=745s  (ETA 26h07m)
2026-07-15 15:24:41  [E2 48/48 | global 282/366] ok     E2__actuadores__nx5__margen_norm__unrolling__dr30__a0p01__sz150__s123  t_train=760s  (ETA 25h43m)
2026-07-15 15:24:41  === Etapa E3: 36 corridas, 0 ya hechas, 36 por correr -> C:\Users\PC2\Desktop\Tesis\Memoria-De-Titulo-main\Memoria-De-Titulo-main\Red\analisis\resultados\barrido\E3 (workers=12) ===
2026-07-15 15:52:16  [E3 1/36 | global 283/366] ok     E3__actuadores__nx3__control__unrolling__dr30__a0p01__sz50__s42  t_train=317s  (ETA 25h28m)
2026-07-15 15:52:18  [E3 2/36 | global 284/366] ok     E3__actuadores__nx3__control__unrolling__dr30__a0p01__sz50__s123  t_train=317s  (ETA 25h04m)
2026-07-15 15:52:25  [E3 3/36 | global 285/366] ok     E3__actuadores__nx3__paper__unrolling__dr30__a0p01__sz50__s42  t_train=325s  (ETA 24h40m)
2026-07-15 15:52:33  [E3 4/36 | global 286/366] ok     E3__actuadores__nx3__paper__unrolling__dr30__a0p01__sz50__s123  t_train=324s  (ETA 24h17m)
2026-07-15 16:00:32  [E3 5/36 | global 287/366] ok     E3__actuadores__nx3__control__unrolling__dr30__a0p01__sz150__s42  t_train=811s  (ETA 23h56m)
2026-07-15 16:00:39  [E3 6/36 | global 288/366] ok     E3__actuadores__nx3__control__unrolling__dr30__a0p01__sz150__s123  t_train=815s  (ETA 23h33m)
2026-07-15 16:00:52  [E3 7/36 | global 289/366] ok     E3__actuadores__nx3__paper__unrolling__dr30__a0p01__sz150__s42  t_train=834s  (ETA 23h10m)
2026-07-15 16:00:54  [E3 8/36 | global 290/366] ok     E3__actuadores__nx3__paper__unrolling__dr30__a0p01__sz150__s123  t_train=833s  (ETA 22h47m)
2026-07-15 16:19:50  [E3 9/36 | global 291/366] ok     E3__actuadores__nx3__control_margen__unrolling__dr30__a0p01__sz50__s123  t_train=318s  (ETA 22h30m)
2026-07-15 16:19:51  [E3 10/36 | global 292/366] ok     E3__actuadores__nx3__control_margen__unrolling__dr30__a0p01__sz50__s42  t_train=320s  (ETA 22h07m)
2026-07-15 16:21:18  [E3 11/36 | global 293/366] ok     E3__actuadores__nx3__control__unrolling__dr30__a0p01__sz400__s42  t_train=2052s  (ETA 21h45m)
2026-07-15 16:21:29  [E3 12/36 | global 294/366] ok     E3__actuadores__nx3__control__unrolling__dr30__a0p01__sz400__s123  t_train=2061s  (ETA 21h23m)
2026-07-15 16:21:58  [E3 13/36 | global 295/366] ok     E3__actuadores__nx3__paper__unrolling__dr30__a0p01__sz400__s42  t_train=2095s  (ETA 21h01m)
2026-07-15 16:22:11  [E3 14/36 | global 296/366] ok     E3__actuadores__nx3__paper__unrolling__dr30__a0p01__sz400__s123  t_train=2105s  (ETA 20h39m)
2026-07-15 16:28:23  [E3 15/36 | global 297/366] ok     E3__actuadores__nx3__control_margen__unrolling__dr30__a0p01__sz150__s42  t_train=823s  (ETA 20h18m)
2026-07-15 16:28:30  [E3 16/36 | global 298/366] ok     E3__actuadores__nx3__esfuerzo__unrolling__dr30__a0p01__sz50__s123  t_train=316s  (ETA 19h57m)
2026-07-15 16:28:33  [E3 17/36 | global 299/366] ok     E3__actuadores__nx3__esfuerzo__unrolling__dr30__a0p01__sz50__s42  t_train=320s  (ETA 19h35m)
2026-07-15 16:28:33  [E3 18/36 | global 300/366] ok     E3__actuadores__nx3__control_margen__unrolling__dr30__a0p01__sz150__s123  t_train=822s  (ETA 19h14m)
2026-07-15 16:49:28  [E3 19/36 | global 301/366] ok     E3__actuadores__nx3__condicionamiento__unrolling__dr30__a0p01__sz50__s42  t_train=318s  (ETA 18h57m)
2026-07-15 16:49:44  [E3 20/36 | global 302/366] ok     E3__actuadores__nx3__condicionamiento__unrolling__dr30__a0p01__sz50__s123  t_train=320s  (ETA 18h36m)
2026-07-15 16:55:41  [E3 21/36 | global 303/366] ok     E3__actuadores__nx3__esfuerzo__unrolling__dr30__a0p01__sz150__s42  t_train=814s  (ETA 18h16m)
2026-07-15 16:55:46  [E3 22/36 | global 304/366] ok     E3__actuadores__nx3__esfuerzo__unrolling__dr30__a0p01__sz150__s123  t_train=818s  (ETA 17h55m)
2026-07-15 16:57:03  [E3 23/36 | global 305/366] ok     E3__actuadores__nx3__control_margen__unrolling__dr30__a0p01__sz400__s42  t_train=2055s  (ETA 17h35m)
2026-07-15 16:57:20  [E3 24/36 | global 306/366] ok     E3__actuadores__nx3__control_margen__unrolling__dr30__a0p01__sz400__s123  t_train=2065s  (ETA 17h14m)
2026-07-15 17:04:12  [E3 25/36 | global 307/366] ok     E3__actuadores__nx3__condicionamiento__unrolling__dr30__a0p01__sz150__s42  t_train=813s  (ETA 16h55m)
2026-07-15 17:04:18  [E3 26/36 | global 308/366] ok     E3__actuadores__nx3__condicionamiento__unrolling__dr30__a0p01__sz150__s123  t_train=813s  (ETA 16h34m)
2026-07-15 17:15:27  [E3 27/36 | global 309/366] ok     E3__actuadores__nx3__margen_norm__unrolling__dr30__a0p01__sz50__s42  t_train=305s  (ETA 16h16m)
2026-07-15 17:15:49  [E3 28/36 | global 310/366] ok     E3__actuadores__nx3__margen_norm__unrolling__dr30__a0p01__sz50__s123  t_train=307s  (ETA 15h56m)
2026-07-15 17:16:18  [E3 29/36 | global 311/366] ok     E3__actuadores__nx3__esfuerzo__unrolling__dr30__a0p01__sz400__s42  t_train=2008s  (ETA 15h36m)
2026-07-15 17:16:21  [E3 30/36 | global 312/366] ok     E3__actuadores__nx3__esfuerzo__unrolling__dr30__a0p01__sz400__s123  t_train=2005s  (ETA 15h16m)
2026-07-15 17:21:04  [E3 31/36 | global 313/366] ok     E3__actuadores__nx3__condicionamiento__unrolling__dr30__a0p01__sz400__s123  t_train=1934s  (ETA 14h57m)
2026-07-15 17:21:04  [E3 32/36 | global 314/366] ok     E3__actuadores__nx3__condicionamiento__unrolling__dr30__a0p01__sz400__s42  t_train=1938s  (ETA 14h37m)
2026-07-15 17:25:18  [E3 33/36 | global 315/366] ok     E3__actuadores__nx3__margen_norm__unrolling__dr30__a0p01__sz150__s123  t_train=675s  (ETA 14h18m)
2026-07-15 17:25:19  [E3 34/36 | global 316/366] ok     E3__actuadores__nx3__margen_norm__unrolling__dr30__a0p01__sz150__s42  t_train=676s  (ETA 13h59m)
2026-07-15 17:38:52  [E3 35/36 | global 317/366] ok     E3__actuadores__nx3__margen_norm__unrolling__dr30__a0p01__sz400__s42  t_train=1508s  (ETA 13h41m)
2026-07-15 17:39:08  [E3 36/36 | global 318/366] ok     E3__actuadores__nx3__margen_norm__unrolling__dr30__a0p01__sz400__s123  t_train=1510s  (ETA 13h22m)
2026-07-15 17:39:08  === Etapa E4: 48 corridas, 0 ya hechas, 48 por correr -> C:\Users\PC2\Desktop\Tesis\Memoria-De-Titulo-main\Memoria-De-Titulo-main\Red\analisis\resultados\barrido\E4 (workers=12) ===
2026-07-15 17:43:15  [E4 1/48 | global 319/366] ok     E4__vanilla__nx3__control__unrolling__dr30__a0p01__sz150__s42  t_train=199s  (ETA 13h04m)
2026-07-15 17:43:20  [E4 2/48 | global 320/366] ok     E4__vanilla__nx3__paper__unrolling__dr30__a0p01__sz150__s123  t_train=205s  (ETA 12h44m)
2026-07-15 17:43:21  [E4 3/48 | global 321/366] ok     E4__vanilla__nx3__paper__unrolling__dr30__a0p01__sz150__s42  t_train=205s  (ETA 12h26m)
2026-07-15 17:47:17  [E4 4/48 | global 322/366] ok     E4__vanilla__nx3__control__unrolling__dr30__a0p01__sz150__s123  t_train=199s  (ETA 12h07m)
2026-07-15 17:59:37  [E4 5/48 | global 323/366] ok     E4__vertices__nx3__control__unrolling__dr30__a0p01__sz150__s42  t_train=790s  (ETA 11h50m)
2026-07-15 17:59:51  [E4 6/48 | global 324/366] ok     E4__vertices__nx3__paper__unrolling__dr30__a0p01__sz150__s42  t_train=803s  (ETA 11h31m)
2026-07-15 17:59:52  [E4 7/48 | global 325/366] ok     E4__vertices__nx3__paper__unrolling__dr30__a0p01__sz150__s123  t_train=805s  (ETA 11h13m)
2026-07-15 18:03:52  [E4 8/48 | global 326/366] ok     E4__vanilla__nx3__control_margen__unrolling__dr30__a0p01__sz150__s42  t_train=202s  (ETA 10h55m)
2026-07-15 18:07:40  [E4 9/48 | global 327/366] ok     E4__vertices__nx3__control__unrolling__dr30__a0p01__sz150__s123  t_train=790s  (ETA 10h37m)
2026-07-15 18:14:51  [E4 10/48 | global 328/366] ok     E4__actuadores__nx3__control__unrolling__dr30__a0p01__sz150__s42  t_train=809s  (ETA 10h20m)
2026-07-15 18:15:04  [E4 11/48 | global 329/366] ok     E4__actuadores__nx3__paper__unrolling__dr30__a0p01__sz150__s123  t_train=823s  (ETA 10h02m)
2026-07-15 18:15:05  [E4 12/48 | global 330/366] ok     E4__actuadores__nx3__paper__unrolling__dr30__a0p01__sz150__s42  t_train=828s  (ETA 9h43m)
2026-07-15 18:18:48  [E4 13/48 | global 331/366] ok     E4__actuadores__nx3__control__unrolling__dr30__a0p01__sz150__s123  t_train=810s  (ETA 9h26m)
2026-07-15 18:19:04  [E4 14/48 | global 332/366] ok     E4__vanilla__nx3__control_margen__unrolling__dr30__a0p01__sz150__s123  t_train=202s  (ETA 9h08m)
2026-07-15 18:24:21  [E4 15/48 | global 333/366] ok     E4__vertices__nx3__control_margen__unrolling__dr30__a0p01__sz150__s42  t_train=797s  (ETA 8h51m)
2026-07-15 18:28:21  [E4 16/48 | global 334/366] ok     E4__vanilla__nx3__esfuerzo__unrolling__dr30__a0p01__sz150__s42  t_train=203s  (ETA 8h34m)
2026-07-15 18:35:18  [E4 17/48 | global 335/366] ok     E4__actuadores__nx3__control_margen__unrolling__dr30__a0p01__sz150__s42  t_train=815s  (ETA 8h17m)
2026-07-15 18:35:35  [E4 18/48 | global 336/366] ok     E4__vertices__nx3__control_margen__unrolling__dr30__a0p01__sz150__s123  t_train=797s  (ETA 7h59m)
2026-07-15 18:43:12  [E4 19/48 | global 337/366] ok     E4__actuadores__nx3__control_margen__unrolling__dr30__a0p01__sz150__s123  t_train=809s  (ETA 7h43m)
2026-07-15 18:47:12  [E4 20/48 | global 338/366] ok     E4__vanilla__nx3__esfuerzo__unrolling__dr30__a0p01__sz150__s123  t_train=202s  (ETA 7h26m)
2026-07-15 18:48:49  [E4 21/48 | global 339/366] ok     E4__vertices__nx3__esfuerzo__unrolling__dr30__a0p01__sz150__s42  t_train=790s  (ETA 7h09m)
2026-07-15 18:54:25  [E4 22/48 | global 340/366] ok     E4__actuadores__nx3__esfuerzo__unrolling__dr30__a0p01__sz150__s42  t_train=809s  (ETA 6h52m)
2026-07-15 19:07:41  [E4 23/48 | global 341/366] ok     E4__vertices__nx3__esfuerzo__unrolling__dr30__a0p01__sz150__s123  t_train=793s  (ETA 6h36m)
2026-07-15 19:10:54  [E4 24/48 | global 342/366] ok     E4__actuadores__nx3__esfuerzo__unrolling__dr30__a0p01__sz150__s123  t_train=811s  (ETA 6h19m)
2026-07-15 19:11:43  [E4 25/48 | global 343/366] ok     E4__vanilla__nx3__condicionamiento__unrolling__dr30__a0p01__sz150__s42  t_train=204s  (ETA 6h02m)
2026-07-15 19:24:23  [E4 26/48 | global 344/366] ok     E4__actuadores__nx3__condicionamiento__unrolling__dr30__a0p01__sz150__s42  t_train=808s  (ETA 5h46m)
2026-07-15 19:31:15  [E4 27/48 | global 345/366] ok     E4__vertices__nx3__condicionamiento__unrolling__dr30__a0p01__sz150__s42  t_train=790s  (ETA 5h30m)
2026-07-15 19:35:13  [E4 28/48 | global 346/366] ok     E4__vanilla__nx3__condicionamiento__unrolling__dr30__a0p01__sz150__s123  t_train=200s  (ETA 5h14m)
2026-07-15 19:47:07  [E4 29/48 | global 347/366] ok     E4__actuadores__nx3__condicionamiento__unrolling__dr30__a0p01__sz150__s123  t_train=803s  (ETA 4h58m)
2026-07-15 19:55:36  [E4 30/48 | global 348/366] ok     E4__vertices__nx3__condicionamiento__unrolling__dr30__a0p01__sz150__s123  t_train=787s  (ETA 4h42m)
2026-07-15 20:22:54  [E4 31/48 | global 349/366] ok     E4__actuadores__nx3__margen_norm__unrolling__dr30__a0p01__sz150__s42  t_train=823s  (ETA 4h26m)
2026-07-15 20:27:03  [E4 32/48 | global 350/366] ok     E4__vanilla__nx3__margen_norm__unrolling__dr30__a0p01__sz150__s42  t_train=209s  (ETA 4h10m)
2026-07-15 20:49:06  [E4 33/48 | global 351/366] ok     E4__vertices__nx3__margen_norm__unrolling__dr30__a0p01__sz150__s42  t_train=856s  (ETA 3h55m)
2026-07-15 21:24:48  [E4 34/48 | global 352/366] ok     E4__actuadores__nx3__margen_norm__unrolling__dr30__a0p01__sz150__s123  t_train=819s  (ETA 3h40m)
2026-07-16 06:25:39  [E4 35/48 | global 353/366] ok     E4__actuadores__nx3__paper__implicit__impl__a0p01__sz150__s42  t_train=44662s  (ETA 3h44m)
2026-07-16 06:26:56  [E4 36/48 | global 354/366] ok     E4__actuadores__nx3__paper__implicit__impl__a0p01__sz150__s123  t_train=44738s  (ETA 3h26m)
2026-07-16 06:29:43  [E4 37/48 | global 355/366] ok     E4__vanilla__nx3__margen_norm__unrolling__dr30__a0p01__sz150__s123  t_train=206s  (ETA 3h08m)
2026-07-16 06:30:04  [E4 38/48 | global 356/366] ok     E4__actuadores__nx3__control__implicit__impl__a0p01__sz150__s42  t_train=44924s  (ETA 2h51m)
2026-07-16 06:33:35  [E4 39/48 | global 357/366] ok     E4__actuadores__nx3__control__implicit__impl__a0p01__sz150__s123  t_train=44929s  (ETA 2h33m)
2026-07-16 06:44:40  [E4 40/48 | global 358/366] ok     E4__vertices__nx3__margen_norm__unrolling__dr30__a0p01__sz150__s123  t_train=692s  (ETA 2h16m)
2026-07-16 06:45:28  [E4 41/48 | global 359/366] ok     E4__actuadores__nx3__control_margen__implicit__impl__a0p01__sz150__s42  t_train=44690s  (ETA 1h59m)
2026-07-16 06:57:42  [E4 42/48 | global 360/366] ok     E4__actuadores__nx3__control_margen__implicit__impl__a0p01__sz150__s123  t_train=44559s  (ETA 1h41m)
2026-07-16 06:59:30  [E4 43/48 | global 361/366] ok     E4__actuadores__nx3__esfuerzo__implicit__impl__a0p01__sz150__s42  t_train=44412s  (ETA 1h24m)
2026-07-16 07:11:38  [E4 44/48 | global 362/366] ok     E4__actuadores__nx3__esfuerzo__implicit__impl__a0p01__sz150__s123  t_train=44164s  (ETA 1h07m)
2026-07-16 07:22:58  [E4 45/48 | global 363/366] ok     E4__actuadores__nx3__condicionamiento__implicit__impl__a0p01__sz150__s42  t_train=43669s  (ETA 50m45s)
2026-07-16 07:42:42  [E4 46/48 | global 364/366] ok     E4__actuadores__nx3__condicionamiento__implicit__impl__a0p01__sz150__s123  t_train=43115s  (ETA 33m51s)
2026-07-16 08:02:37  [E4 47/48 | global 365/366] ok     E4__actuadores__nx3__margen_norm__implicit__impl__a0p01__sz150__s42  t_train=42437s  (ETA 16m56s)
2026-07-26 23:00:13  ######################################################################
2026-07-26 23:00:13  BARRIDO stages=['E6']  device=cpu  dtype=float64  workers=12  resume=True
2026-07-26 23:00:13  Corridas pendientes en esta sesion: 72
2026-07-26 23:00:13  === Etapa E6: 72 corridas, 0 ya hechas, 72 por correr -> C:\Users\PC2\Desktop\Tesis\Memoria-De-Titulo-main\Memoria-De-Titulo-main\Red\analisis\resultados\barrido\E6 (workers=12) ===
2026-07-26 23:04:15  [E6 1/72 | global 1/72] ok     E6__vanilla__nx2__paper__unrolling__dr30__a0p01__sz150__s123  t_train=202s  (ETA 4h46m)
2026-07-26 23:04:15  [E6 2/72 | global 2/72] ok     E6__vanilla__nx2__paper__unrolling__dr30__a0p01__sz150__s42  t_train=202s  (ETA 2h21m)
2026-07-26 23:05:39  [E6 3/72 | global 3/72] ok     E6__vanilla__nx4__paper__unrolling__dr30__a0p01__sz150__s42  t_train=252s  (ETA 2h04m)
2026-07-26 23:05:39  [E6 4/72 | global 4/72] ok     E6__vanilla__nx4__paper__unrolling__dr30__a0p01__sz150__s123  t_train=252s  (ETA 1h32m)
2026-07-26 23:06:38  [E6 5/72 | global 5/72] ok     E6__vanilla__nx5__paper__unrolling__dr30__a0p01__sz150__s42  t_train=290s  (ETA 1h25m)
2026-07-26 23:06:38  [E6 6/72 | global 6/72] ok     E6__vanilla__nx5__paper__unrolling__dr30__a0p01__sz150__s123  t_train=290s  (ETA 1h10m)
2026-07-26 23:09:24  [E6 7/72 | global 7/72] ok     E6__vanilla__nx2__control__unrolling__dr30__a0p01__sz150__s42  t_train=196s  (ETA 1h25m)
2026-07-26 23:09:25  [E6 8/72 | global 8/72] ok     E6__vanilla__nx2__control__unrolling__dr30__a0p01__sz150__s123  t_train=197s  (ETA 1h13m)
2026-07-26 23:14:38  [E6 9/72 | global 9/72] ok     E6__vanilla__nx4__control__unrolling__dr30__a0p01__sz150__s123  t_train=254s  (ETA 1h40m)
2026-07-26 23:14:39  [E6 10/72 | global 10/72] ok     E6__vanilla__nx4__control__unrolling__dr30__a0p01__sz150__s42  t_train=255s  (ETA 1h29m)
2026-07-26 23:17:24  [E6 11/72 | global 11/72] ok     E6__vertices__nx2__paper__unrolling__dr30__a0p01__sz150__s42  t_train=790s  (ETA 1h35m)
2026-07-26 23:17:32  [E6 12/72 | global 12/72] ok     E6__vertices__nx2__paper__unrolling__dr30__a0p01__sz150__s123  t_train=796s  (ETA 1h26m)
2026-07-26 23:20:53  [E6 13/72 | global 13/72] ok     E6__vertices__nx2__control__unrolling__dr30__a0p01__sz150__s123  t_train=771s  (ETA 1h33m)
2026-07-26 23:20:58  [E6 14/72 | global 14/72] ok     E6__vertices__nx2__control__unrolling__dr30__a0p01__sz150__s42  t_train=775s  (ETA 1h25m)
2026-07-26 23:23:28  [E6 15/72 | global 15/72] ok     E6__vanilla__nx5__control__unrolling__dr30__a0p01__sz150__s42  t_train=276s  (ETA 1h28m)
2026-07-26 23:23:38  [E6 16/72 | global 16/72] ok     E6__vanilla__nx5__control__unrolling__dr30__a0p01__sz150__s123  t_train=278s  (ETA 1h21m)
2026-07-26 23:27:06  [E6 17/72 | global 17/72] ok     E6__vanilla__nx2__control_margen__unrolling__dr30__a0p01__sz150__s42  t_train=194s  (ETA 1h26m)
2026-07-26 23:27:18  [E6 18/72 | global 18/72] ok     E6__vanilla__nx2__control_margen__unrolling__dr30__a0p01__sz150__s123  t_train=196s  (ETA 1h21m)
2026-07-26 23:28:22  [E6 19/72 | global 19/72] ok     E6__vertices__nx4__paper__unrolling__dr30__a0p01__sz150__s123  t_train=978s  (ETA 1h18m)
2026-07-26 23:28:23  [E6 20/72 | global 20/72] ok     E6__vertices__nx4__paper__unrolling__dr30__a0p01__sz150__s42  t_train=981s  (ETA 1h13m)
2026-07-26 23:33:26  [E6 21/72 | global 21/72] ok     E6__vanilla__nx4__control_margen__unrolling__dr30__a0p01__sz150__s42  t_train=247s  (ETA 1h20m)
2026-07-26 23:33:28  [E6 22/72 | global 22/72] ok     E6__vanilla__nx4__control_margen__unrolling__dr30__a0p01__sz150__s123  t_train=248s  (ETA 1h15m)
2026-07-26 23:34:14  [E6 23/72 | global 23/72] ok     E6__vertices__nx4__control__unrolling__dr30__a0p01__sz150__s42  t_train=952s  (ETA 1h12m)
2026-07-26 23:34:20  [E6 24/72 | global 24/72] ok     E6__vertices__nx4__control__unrolling__dr30__a0p01__sz150__s123  t_train=958s  (ETA 1h08m)
2026-07-26 23:35:56  [E6 25/72 | global 25/72] ok     E6__vertices__nx5__paper__unrolling__dr30__a0p01__sz150__s42  t_train=1121s  (ETA 1h07m)
2026-07-26 23:36:03  [E6 26/72 | global 26/72] ok     E6__vertices__nx5__paper__unrolling__dr30__a0p01__sz150__s123  t_train=1124s  (ETA 1h03m)
2026-07-26 23:37:36  [E6 27/72 | global 27/72] ok     E6__vertices__nx2__control_margen__unrolling__dr30__a0p01__sz150__s42  t_train=773s  (ETA 1h02m)
2026-07-26 23:37:44  [E6 28/72 | global 28/72] ok     E6__vertices__nx2__control_margen__unrolling__dr30__a0p01__sz150__s123  t_train=776s  (ETA 58m57s)
2026-07-26 23:41:02  [E6 29/72 | global 29/72] ok     E6__vanilla__nx5__control_margen__unrolling__dr30__a0p01__sz150__s42  t_train=318s  (ETA 1h00m)
2026-07-26 23:41:11  [E6 30/72 | global 30/72] ok     E6__vanilla__nx5__control_margen__unrolling__dr30__a0p01__sz150__s123  t_train=321s  (ETA 57m21s)
2026-07-26 23:42:18  [E6 31/72 | global 31/72] ok     E6__vanilla__nx2__esfuerzo__unrolling__dr30__a0p01__sz150__s42  t_train=254s  (ETA 55m39s)
2026-07-26 23:42:25  [E6 32/72 | global 32/72] ok     E6__vanilla__nx2__esfuerzo__unrolling__dr30__a0p01__sz150__s123  t_train=250s  (ETA 52m44s)
2026-07-26 23:48:30  [E6 33/72 | global 33/72] ok     E6__vanilla__nx4__esfuerzo__unrolling__dr30__a0p01__sz150__s42  t_train=297s  (ETA 57m03s)
2026-07-26 23:48:39  [E6 34/72 | global 34/72] ok     E6__vanilla__nx4__esfuerzo__unrolling__dr30__a0p01__sz150__s123  t_train=300s  (ETA 54m07s)
2026-07-26 23:52:24  [E6 35/72 | global 35/72] ok     E6__vertices__nx5__control__unrolling__dr30__a0p01__sz150__s123  t_train=1216s  (ETA 55m09s)
2026-07-26 23:52:24  [E6 36/72 | global 36/72] ok     E6__vertices__nx5__control__unrolling__dr30__a0p01__sz150__s42  t_train=1215s  (ETA 52m11s)
2026-07-26 23:55:45  [E6 37/72 | global 37/72] ok     E6__vertices__nx2__esfuerzo__unrolling__dr30__a0p01__sz150__s42  t_train=892s  (ETA 52m31s)
2026-07-26 23:55:54  [E6 38/72 | global 38/72] ok     E6__vertices__nx2__esfuerzo__unrolling__dr30__a0p01__sz150__s123  t_train=886s  (ETA 49m49s)
2026-07-26 23:58:20  [E6 39/72 | global 39/72] ok     E6__vertices__nx4__control_margen__unrolling__dr30__a0p01__sz150__s42  t_train=1108s  (ETA 49m10s)
2026-07-26 23:58:42  [E6 40/72 | global 40/72] ok     E6__vertices__nx4__control_margen__unrolling__dr30__a0p01__sz150__s123  t_train=1115s  (ETA 46m47s)
2026-07-26 23:59:30  [E6 41/72 | global 41/72] ok     E6__vanilla__nx5__esfuerzo__unrolling__dr30__a0p01__sz150__s42  t_train=328s  (ETA 44m49s)
2026-07-26 23:59:30  [E6 42/72 | global 42/72] ok     E6__vanilla__nx5__esfuerzo__unrolling__dr30__a0p01__sz150__s123  t_train=329s  (ETA 42m20s)
2026-07-27 00:02:44  [E6 43/72 | global 43/72] ok     E6__vanilla__nx2__condicionamiento__unrolling__dr30__a0p01__sz150__s42  t_train=236s  (ETA 42m09s)
2026-07-27 00:03:07  [E6 44/72 | global 44/72] ok     E6__vanilla__nx2__condicionamiento__unrolling__dr30__a0p01__sz150__s123  t_train=237s  (ETA 40m01s)
2026-07-27 00:08:31  [E6 45/72 | global 45/72] ok     E6__vanilla__nx4__condicionamiento__unrolling__dr30__a0p01__sz150__s42  t_train=279s  (ETA 40m58s)
2026-07-27 00:08:57  [E6 46/72 | global 46/72] ok     E6__vanilla__nx4__condicionamiento__unrolling__dr30__a0p01__sz150__s123  t_train=283s  (ETA 38m50s)
2026-07-27 00:13:50  [E6 47/72 | global 47/72] ok     E6__vertices__nx4__esfuerzo__unrolling__dr30__a0p01__sz150__s42  t_train=1122s  (ETA 39m09s)
2026-07-27 00:14:07  [E6 48/72 | global 48/72] ok     E6__vertices__nx4__esfuerzo__unrolling__dr30__a0p01__sz150__s123  t_train=1129s  (ETA 36m56s)
2026-07-27 00:14:50  [E6 49/72 | global 49/72] ok     E6__vertices__nx5__control_margen__unrolling__dr30__a0p01__sz150__s123  t_train=1281s  (ETA 35m01s)
2026-07-27 00:14:52  [E6 50/72 | global 50/72] ok     E6__vertices__nx5__control_margen__unrolling__dr30__a0p01__sz150__s42  t_train=1282s  (ETA 32m50s)
2026-07-27 00:15:24  [E6 51/72 | global 51/72] ok     E6__vertices__nx2__condicionamiento__unrolling__dr30__a0p01__sz150__s42  t_train=912s  (ETA 30m57s)
2026-07-27 00:15:37  [E6 52/72 | global 52/72] ok     E6__vertices__nx2__condicionamiento__unrolling__dr30__a0p01__sz150__s123  t_train=915s  (ETA 28m59s)
2026-07-27 00:19:46  [E6 53/72 | global 53/72] ok     E6__vanilla__nx2__margen_norm__unrolling__dr30__a0p01__sz150__s42  t_train=234s  (ETA 28m31s)
2026-07-27 00:19:59  [E6 54/72 | global 54/72] ok     E6__vanilla__nx2__margen_norm__unrolling__dr30__a0p01__sz150__s123  t_train=235s  (ETA 26m35s)
2026-07-27 00:21:00  [E6 55/72 | global 55/72] ok     E6__vanilla__nx5__condicionamiento__unrolling__dr30__a0p01__sz150__s42  t_train=333s  (ETA 24m58s)
2026-07-27 00:21:15  [E6 56/72 | global 56/72] ok     E6__vanilla__nx5__condicionamiento__unrolling__dr30__a0p01__sz150__s123  t_train=333s  (ETA 23m09s)
2026-07-27 00:27:08  [E6 57/72 | global 57/72] ok     E6__vanilla__nx4__margen_norm__unrolling__dr30__a0p01__sz150__s42  t_train=297s  (ETA 22m52s)
2026-07-27 00:27:24  [E6 58/72 | global 58/72] ok     E6__vanilla__nx4__margen_norm__unrolling__dr30__a0p01__sz150__s123  t_train=299s  (ETA 21m02s)
2026-07-27 00:30:15  [E6 59/72 | global 59/72] ok     E6__vertices__nx5__esfuerzo__unrolling__dr30__a0p01__sz150__s42  t_train=1283s  (ETA 19m50s)
2026-07-27 00:30:34  [E6 60/72 | global 60/72] ok     E6__vertices__nx5__esfuerzo__unrolling__dr30__a0p01__sz150__s123  t_train=1286s  (ETA 18m04s)
2026-07-27 00:32:16  [E6 61/72 | global 61/72] ok     E6__vertices__nx4__condicionamiento__unrolling__dr30__a0p01__sz150__s42  t_train=1150s  (ETA 16m35s)
2026-07-27 00:32:19  [E6 62/72 | global 62/72] ok     E6__vertices__nx4__condicionamiento__unrolling__dr30__a0p01__sz150__s123  t_train=1153s  (ETA 14m51s)
2026-07-27 00:34:52  [E6 63/72 | global 63/72] ok     E6__vertices__nx2__margen_norm__unrolling__dr30__a0p01__sz150__s42  t_train=934s  (ETA 13m31s)
2026-07-27 00:34:53  [E6 64/72 | global 64/72] ok     E6__vertices__nx2__margen_norm__unrolling__dr30__a0p01__sz150__s123  t_train=934s  (ETA 11m50s)
2026-07-27 00:37:03  [E6 65/72 | global 65/72] ok     E6__vanilla__nx5__margen_norm__unrolling__dr30__a0p01__sz150__s42  t_train=316s  (ETA 10m25s)
2026-07-27 00:37:16  [E6 66/72 | global 66/72] ok     E6__vanilla__nx5__margen_norm__unrolling__dr30__a0p01__sz150__s123  t_train=311s  (ETA 8m49s)
2026-07-27 00:44:34  [E6 67/72 | global 67/72] ok     E6__vertices__nx5__condicionamiento__unrolling__dr30__a0p01__sz150__s42  t_train=1093s  (ETA 7m47s)
2026-07-27 00:44:54  [E6 68/72 | global 68/72] ok     E6__vertices__nx5__condicionamiento__unrolling__dr30__a0p01__sz150__s123  t_train=1090s  (ETA 6m09s)
2026-07-27 00:46:03  [E6 69/72 | global 69/72] ok     E6__vertices__nx4__margen_norm__unrolling__dr30__a0p01__sz150__s42  t_train=900s  (ETA 4m36s)
2026-07-27 00:46:10  [E6 70/72 | global 70/72] ok     E6__vertices__nx4__margen_norm__unrolling__dr30__a0p01__sz150__s123  t_train=898s  (ETA 3m01s)
2026-07-27 00:55:08  [E6 71/72 | global 71/72] ok     E6__vertices__nx5__margen_norm__unrolling__dr30__a0p01__sz150__s42  t_train=868s  (ETA 1m37s)
2026-07-27 00:55:17  [E6 72/72 | global 72/72] ok     E6__vertices__nx5__margen_norm__unrolling__dr30__a0p01__sz150__s123  t_train=869s  (ETA 0m00s)
2026-07-27 00:55:17  === FIN. 72 corridas en 1h55m. 0 con error. ===
2026-07-27 00:55:17  Genera el reporte final con:  python -m barrido.reporte
2026-07-29 01:59:00  ######################################################################
2026-07-29 01:59:00  BARRIDO stages=['E0']  device=cpu  dtype=float64  workers=2  resume=True
2026-07-29 01:59:00  Corridas pendientes en esta sesion: 4
2026-07-29 01:59:00  === Etapa E0: 4 corridas, 0 ya hechas, 4 por correr -> C:\Users\PC2\Desktop\Tesis\Memoria-De-Titulo-main\Memoria-De-Titulo-main\Red\analisis\resultados\barrido\E0 (workers=2) ===
2026-07-29 01:59:03  [E0 1/4 | global 1/4] ERROR  E0__actuadores__nx3__paper__implicit__impl__a0p01__sz50__s42  (ETA 0m09s)
2026-07-29 01:59:03  [E0 2/4 | global 2/4] ERROR  E0__actuadores__nx3__paper__unrolling__dr30__a0p01__sz50__s42  (ETA 0m03s)
2026-07-29 01:59:03  [E0 3/4 | global 3/4] ERROR  E0__actuadores__nx3__paper__unrolling__dr30__a0p01__sz50__s123  (ETA 0m01s)
2026-07-29 01:59:03  [E0 4/4 | global 4/4] ERROR  E0__actuadores__nx3__paper__implicit__impl__a0p01__sz50__s123  (ETA 0m00s)
2026-07-29 01:59:03  === FIN. 4 corridas en 0m03s. 4 con error. ===
2026-07-29 01:59:03    ERROR E0__actuadores__nx3__paper__implicit__impl__a0p01__sz50__s42: sin celdas de entrenamiento para arch=actuadores n_x=3
2026-07-29 01:59:03    ERROR E0__actuadores__nx3__paper__unrolling__dr30__a0p01__sz50__s42: sin celdas de entrenamiento para arch=actuadores n_x=3
2026-07-29 01:59:03    ERROR E0__actuadores__nx3__paper__unrolling__dr30__a0p01__sz50__s123: sin celdas de entrenamiento para arch=actuadores n_x=3
2026-07-29 01:59:03    ERROR E0__actuadores__nx3__paper__implicit__impl__a0p01__sz50__s123: sin celdas de entrenamiento para arch=actuadores n_x=3
2026-07-29 01:59:48  ######################################################################
2026-07-29 01:59:48  BARRIDO stages=['E0']  device=cpu  dtype=float64  workers=2  resume=True
2026-07-29 01:59:48  Corridas pendientes en esta sesion: 4
2026-07-29 01:59:48  === Etapa E0: 4 corridas, 0 ya hechas, 4 por correr -> C:\Users\PC2\Desktop\Tesis\Memoria-De-Titulo-main\Memoria-De-Titulo-main\Red\analisis\resultados\barrido\E0 (workers=2) ===
2026-07-29 02:00:35  [E0 1/4 | global 1/4] ok     E0__actuadores__nx3__paper__unrolling__dr30__a0p01__sz50__s42  t_train=1s  (ETA 2m21s)
2026-07-29 02:01:14  [E0 2/4 | global 2/4] ok     E0__actuadores__nx3__paper__unrolling__dr30__a0p01__sz50__s123  t_train=2s  (ETA 1m26s)
2026-07-29 02:01:53  [E0 3/4 | global 3/4] ok     E0__actuadores__nx3__paper__implicit__impl__a0p01__sz50__s42  t_train=79s  (ETA 0m41s)
2026-07-29 02:03:02  [E0 4/4 | global 4/4] ok     E0__actuadores__nx3__paper__implicit__impl__a0p01__sz50__s123  t_train=74s  (ETA 0m00s)
2026-07-29 02:03:02  === FIN. 4 corridas en 3m13s. 0 con error. ===
